Archive member included because of file (symbol)

startup/libea_startup_thumb.a(startup.o)
                              (_startup)
startup/libea_startup_thumb.a(framework.o)
                              startup/libea_startup_thumb.a(startup.o) (exceptionHandlerInit)
startup/libea_startup_thumb.a(consol.o)
                              startup/libea_startup_thumb.a(framework.o) (consolInit)
pre_emptive_os/pre_emptive_os.a(kernel.o)
                              main.o (osInit)
pre_emptive_os/pre_emptive_os.a(prioqueue.o)
                              pre_emptive_os/pre_emptive_os.a(kernel.o) (initPrioQueue)
pre_emptive_os/pre_emptive_os.a(timer.o)
                              pre_emptive_os/pre_emptive_os.a(kernel.o) (timerTick)
pre_emptive_os/pre_emptive_os.a(stack_usage.o)
                              pre_emptive_os/pre_emptive_os.a(kernel.o) (createStackPattern)
pre_emptive_os/pre_emptive_os.a(a7hal.o)
                              pre_emptive_os/pre_emptive_os.a(kernel.o) (stkFrameInit_oshal)
pre_emptive_os/pre_emptive_os.a(a7hal_a.o)
                              pre_emptive_os/pre_emptive_os.a(kernel.o) (startHighProc_oshal)
pre_emptive_os/pre_emptive_os.a(count_sem.o)
                              pre_emptive_os/pre_emptive_os.a(timer.o) (osSemInit)
pre_emptive_os/pre_emptive_os.a(event.o)
                              pre_emptive_os/pre_emptive_os.a(count_sem.o) (eventInit)
/cygdrive/c/Embedded/GNUARM/bin/../lib/gcc/arm-elf/4.1.1/interwork/libgcc.a(_udivsi3.o)
                              game.o (__udivsi3)
/cygdrive/c/Embedded/GNUARM/bin/../lib/gcc/arm-elf/4.1.1/interwork/libgcc.a(_divsi3.o)
                              game.o (__divsi3)
/cygdrive/c/Embedded/GNUARM/bin/../lib/gcc/arm-elf/4.1.1/interwork/libgcc.a(_umodsi3.o)
                              game.o (__umodsi3)
/cygdrive/c/Embedded/GNUARM/bin/../lib/gcc/arm-elf/4.1.1/interwork/libgcc.a(_modsi3.o)
                              music.o (__modsi3)
/cygdrive/c/Embedded/GNUARM/bin/../lib/gcc/arm-elf/4.1.1/interwork/libgcc.a(_dvmd_tls.o)
                              /cygdrive/c/Embedded/GNUARM/bin/../lib/gcc/arm-elf/4.1.1/interwork/libgcc.a(_udivsi3.o) (__div0)
/cygdrive/c/Embedded/GNUARM/bin/../lib/gcc/arm-elf/4.1.1/interwork/libgcc.a(_call_via_rX.o)
                              pre_emptive_os/pre_emptive_os.a(timer.o) (_call_via_r4)
/cygdrive/c/Embedded/GNUARM/bin/../lib/gcc/arm-elf/4.1.1/../../../../arm-elf/lib/interwork/libc.a(atoi.o)
                              startup/libea_startup_thumb.a(consol.o) (atoi)
/cygdrive/c/Embedded/GNUARM/bin/../lib/gcc/arm-elf/4.1.1/../../../../arm-elf/lib/interwork/libc.a(memcpy.o)
                              game.o (memcpy)
/cygdrive/c/Embedded/GNUARM/bin/../lib/gcc/arm-elf/4.1.1/../../../../arm-elf/lib/interwork/libc.a(strlen.o)
                              startup/libea_startup_thumb.a(consol.o) (strlen)
/cygdrive/c/Embedded/GNUARM/bin/../lib/gcc/arm-elf/4.1.1/../../../../arm-elf/lib/interwork/libc.a(strtol.o)
                              /cygdrive/c/Embedded/GNUARM/bin/../lib/gcc/arm-elf/4.1.1/../../../../arm-elf/lib/interwork/libc.a(atoi.o) (_strtol_r)
/cygdrive/c/Embedded/GNUARM/bin/../lib/gcc/arm-elf/4.1.1/../../../../arm-elf/lib/interwork/libc.a(ctype_.o)
                              /cygdrive/c/Embedded/GNUARM/bin/../lib/gcc/arm-elf/4.1.1/../../../../arm-elf/lib/interwork/libc.a(strtol.o) (__ctype_ptr)
/cygdrive/c/Embedded/GNUARM/bin/../lib/gcc/arm-elf/4.1.1/../../../../arm-elf/lib/interwork/libc.a(impure.o)
                              /cygdrive/c/Embedded/GNUARM/bin/../lib/gcc/arm-elf/4.1.1/../../../../arm-elf/lib/interwork/libc.a(strtol.o) (_impure_ptr)

Allocating common symbols
Common symbol       size              file

lifeLost            0x1               game.o
board               0x6e4             pacman.o
pHeapEnd            0x4               startup/libea_startup_thumb.a(framework.o)
direction           0x4               game.o
pHeapStart          0x4               startup/libea_startup_thumb.a(framework.o)
pressedKey          0x1               game.o
processControlBlocks
                    0xf0              pre_emptive_os/pre_emptive_os.a(kernel.o)
gameEnded           0x1               game.o

Discarded input sections

 .stabstr       0x00000000        0x0 startup/libea_startup_thumb.a(startup.o)
 .stabstr       0x00000000        0x0 pre_emptive_os/pre_emptive_os.a(a7hal_a.o)

Memory Configuration

Name             Origin             Length             Attributes
FLASH            0x00000000         0x00080000         xr
RAM              0x40000000         0x00008000         rw
*default*        0x00000000         0xffffffff

Linker script and memory map

LOAD main.o
LOAD lcd.o
LOAD lcd_hw.o
LOAD game.o
LOAD key.o
LOAD display.o
LOAD pacman.o
LOAD music.o
LOAD alphalcd.o
LOAD i2c.o
LOAD eeprom.o
LOAD pca9532.o
LOAD startup/libea_startup_thumb.a
LOAD pre_emptive_os/pre_emptive_os.a
START GROUP
LOAD /cygdrive/c/Embedded/GNUARM/bin/../lib/gcc/arm-elf/4.1.1/interwork/libgcc.a
LOAD /cygdrive/c/Embedded/GNUARM/bin/../lib/gcc/arm-elf/4.1.1/../../../../arm-elf/lib/interwork/libc.a
END GROUP

.text           0x00000000     0x4298
 *startup.o(.text)
 .text          0x00000000      0x1d8 startup/libea_startup_thumb.a(startup.o)
                0x00000000                _startup
 *(.text)
 .text          0x000001d8       0xc4 main.o
                0x000001d8                appTick
                0x000001dc                main
 .text          0x0000029c      0x49c lcd.o
                0x0000029c                lcdColor
                0x00000468                lcdWindow
                0x000005f0                lcdClrscr
                0x000004c0                lcdRectBrd
                0x000003ec                lcdPutchar
                0x000005cc                lcdContrast
                0x00000644                lcdInit
                0x00000324                lcdData
                0x000002b0                lcdWrdata
                0x00000568                lcdRect
                0x000002c0                lcdWrcmd
                0x00000450                lcdPuts
                0x00000498                lcdGotoxy
 .text          0x00000738       0xd8 lcd_hw.o
                0x00000738                sendToLCD
                0x000007d4                initSpiForLcd
                0x000007b4                selectLCD
 .text          0x00000810      0x3d0 game.o
                0x00000990                initAlpha
                0x000008d8                lifeLostEventHandler
                0x00000930                displayScoreOnAlpha
                0x000009b8                displayCharacter
                0x00000858                gameLostEventHandler
                0x00000884                getY
                0x00000ac4                startGame
                0x00000810                changeDirection
                0x00000a3c                displayBoard
                0x00000864                levelCompletedEventHandler
                0x00000898                displayTimeToEatOnI2C
                0x00000870                getX
 .text          0x00000be0      0x184 key.o
                0x00000c58                sampleKey
                0x00000d04                initKeyProc
                0x00000c40                checkKeyStatus
                0x00000c30                checkKey
                0x00000be0                getKeys
 .text          0x00000d64      0x33c display.o
                0x0000103c                displayText
                0x00000d64                displayEyes
                0x00000f54                displayDoors
                0x00000dd4                displayEatableGhost
                0x00000f94                displayEmptyField
                0x00001068                displayMenu
                0x00001004                displayPoint
                0x00000fb4                displayBonus
                0x00000f74                displayWall
                0x00000e68                displayPacman
                0x00000ec0                displayGhost
 .text          0x000010a0      0x898 pacman.o
                0x000015f0                makeMove
                0x000015b4                onLifeLost
                0x000015a8                onGameLost
                0x00001580                setDirectionCallback
                0x000015cc                onLevelCompleted
                0x000015d8                onGhostEaten
                0x000015c0                onScoreChanged
                0x000015e4                onTimeToEatChanged
                0x0000158c                setGhostDirectionCallback
                0x0000141c                initPacman
 .text          0x00001938      0x174 music.o
                0x00001938                set_delay
                0x00001a20                musicProcess
                0x00001988                wait
                0x00001998                musicProcessOnce
 .text          0x00001aac      0x1c0 alphalcd.o
                0x00001b5c                messageOnAlpha
 .text          0x00001c6c      0x39c i2c.o
                0x00001c84                i2cInit
                0x00001ec8                i2cRead
                0x00001df4                i2cWriteWithWait
                0x00001cd0                i2cStart
                0x00001d1c                i2cStop
                0x00001c6c                i2cCheckStatus
                0x00001d70                i2cGetChar
                0x00001e7c                i2cRepeatStart
                0x00001f68                i2cWrite
                0x00001dc8                i2cWaitTransmit
                0x00001e24                i2cMyWrite
                0x00001d44                i2cPutChar
 .text          0x00002008      0x2b4 eeprom.o
                0x000020a0                pca9532
                0x0000218c                eepromWrite
                0x00002270                eepromPoll
                0x000021f8                eepromPageRead
                0x00002008                eepromStartRead
 .text          0x000022bc       0xec pca9532.o
                0x000022e4                setPca9532Pin
                0x000022bc                getPca9532Pin
                0x00002370                pca9532Init
 .text          0x000023a8      0x2bc startup/libea_startup_thumb.a(framework.o)
                0x000024d0                eaInit
                0x00002420                lowLevelInit
                0x000023a8                exceptionHandlerInit
 .text          0x00002664      0x67c startup/libea_startup_thumb.a(consol.o)
                0x00002b1c                consolGetIntNum
                0x00002758                consolSendCh
                0x00002924                consolGetString
                0x000027c8                consolSendNumber
                0x000028e0                consolGetCh
                0x00002738                consolSendChar
                0x0000299c                simplePrintf
                0x0000279c                consolSendString
                0x00002bfc                consolScanf
                0x00002900                consolGetChar
                0x000026e8                consolInit
 .text          0x00002ce0      0x4f8 pre_emptive_os/pre_emptive_os.a(kernel.o)
                0x0000305c                osTick
                0x00003120                rmvFromRdyList
                0x00002e7c                osGetHighPrioProc
                0x0000313c                osSuspend
                0x00002d90                osInit
                0x00003170                osDeleteProcess
                0x00002dbc                osISREnter
                0x00002e98                schedule
                0x00002de0                osCreateProcess
                0x00002fdc                addToRdyList
                0x00002d2c                addToTimeList
                0x00002ff0                osResume
                0x00002ce0                osPid
                0x000031a0                osSleep
                0x00002f04                osISRExit
                0x00002f6c                osStart
                0x00002f98                rmvFromTimeList
                0x000030b8                osStartProcess
 .text          0x000031d8      0x124 pre_emptive_os/pre_emptive_os.a(prioqueue.o)
                0x000031d8                initPrioQueue
                0x00003240                rmvFromPrioQueue
                0x000031f8                addToPrioQueue
                0x000032dc                isEmptyPrioQueue
                0x000032a4                getHighPrioQueue
 .text          0x000032fc      0x218 pre_emptive_os/pre_emptive_os.a(timer.o)
                0x000032fc                timerTick
                0x00003470                osInitTimers
                0x0000340c                osDeleteTimer
                0x000033e0                osCreateTimer
 .text          0x00003514       0xa4 pre_emptive_os/pre_emptive_os.a(stack_usage.o)
                0x00003514                osStackUsage
                0x00003558                createStackPattern
                0x00003578                checkStackLimit
 .text          0x000035b8      0x1ec pre_emptive_os/pre_emptive_os.a(a7hal.o)
                0x000035f0                stkFrameInit_oshal
                0x000035b8                timerIsr_oshal
                0x000036d0                halRestoreInterrupts_oshal
                0x000036d8                initTimer_oshal
                0x000036c0                halEnableInterrupts_oshal
                0x00003770                handleIRQs_oshal
                0x000036a0                halDisableInterrupts_oshal
 .text          0x000037a4       0xc4 pre_emptive_os/pre_emptive_os.a(a7hal_a.o)
                0x000037b0                startHighProc_oshal
                0x000037d8                ctxSwitchIsr_oshal
                0x000037b8                ctxSwitch_oshal
                0x000037f8                generalIRQ_oshal
 .text          0x00003868      0x144 pre_emptive_os/pre_emptive_os.a(count_sem.o)
                0x00003908                osSemGive
                0x0000396c                osSemTryTake
                0x00003868                osSemInit
                0x0000387c                osSemTake
 .text          0x000039ac       0xd8 pre_emptive_os/pre_emptive_os.a(event.o)
                0x000039bc                eventWait
                0x000039ac                eventInit
                0x00003a24                eventIsEmpty
                0x000039f4                eventWaitReturn
                0x00003a34                eventSignal
 .text          0x00003a84      0x114 /cygdrive/c/Embedded/GNUARM/bin/../lib/gcc/arm-elf/4.1.1/interwork/libgcc.a(_udivsi3.o)
                0x00003a84                __udivsi3
                0x00003a84                __aeabi_uidiv
                0x00003b80                __aeabi_uidivmod
 .text          0x00003b98      0x144 /cygdrive/c/Embedded/GNUARM/bin/../lib/gcc/arm-elf/4.1.1/interwork/libgcc.a(_divsi3.o)
                0x00003b98                __aeabi_idiv
                0x00003b98                __divsi3
                0x00003cc4                __aeabi_idivmod
 .text          0x00003cdc       0xd0 /cygdrive/c/Embedded/GNUARM/bin/../lib/gcc/arm-elf/4.1.1/interwork/libgcc.a(_umodsi3.o)
                0x00003cdc                __umodsi3
 .text          0x00003dac       0xe8 /cygdrive/c/Embedded/GNUARM/bin/../lib/gcc/arm-elf/4.1.1/interwork/libgcc.a(_modsi3.o)
                0x00003dac                __modsi3
 .text          0x00003e94        0x4 /cygdrive/c/Embedded/GNUARM/bin/../lib/gcc/arm-elf/4.1.1/interwork/libgcc.a(_dvmd_tls.o)
                0x00003e94                __aeabi_ldiv0
                0x00003e94                __div0
                0x00003e94                __aeabi_idiv0
 .text          0x00003e98       0x3c /cygdrive/c/Embedded/GNUARM/bin/../lib/gcc/arm-elf/4.1.1/interwork/libgcc.a(_call_via_rX.o)
                0x00003ea0                _call_via_r2
                0x00003eb0                _call_via_r6
                0x00003eac                _call_via_r5
                0x00003ea4                _call_via_r3
                0x00003ec4                _call_via_fp
                0x00003eb8                _call_via_r8
                0x00003eb4                _call_via_r7
                0x00003e98                _call_via_r0
                0x00003ec0                _call_via_sl
                0x00003ecc                _call_via_sp
                0x00003ebc                _call_via_r9
                0x00003ea8                _call_via_r4
                0x00003e9c                _call_via_r1
                0x00003ec8                _call_via_ip
                0x00003ed0                _call_via_lr
 .text          0x00003ed4       0x30 /cygdrive/c/Embedded/GNUARM/bin/../lib/gcc/arm-elf/4.1.1/../../../../arm-elf/lib/interwork/libc.a(atoi.o)
                0x00003ed4                _atoi_r
                0x00003eec                atoi
 .text          0x00003f04       0x9c /cygdrive/c/Embedded/GNUARM/bin/../lib/gcc/arm-elf/4.1.1/../../../../arm-elf/lib/interwork/libc.a(memcpy.o)
                0x00003f04                memcpy
 .text          0x00003fa0       0x90 /cygdrive/c/Embedded/GNUARM/bin/../lib/gcc/arm-elf/4.1.1/../../../../arm-elf/lib/interwork/libc.a(strlen.o)
                0x00003fa0                strlen
 .text          0x00004030      0x1f0 /cygdrive/c/Embedded/GNUARM/bin/../lib/gcc/arm-elf/4.1.1/../../../../arm-elf/lib/interwork/libc.a(strtol.o)
                0x000041f4                strtol
                0x00004030                _strtol_r
 .text          0x00004220        0x0 /cygdrive/c/Embedded/GNUARM/bin/../lib/gcc/arm-elf/4.1.1/../../../../arm-elf/lib/interwork/libc.a(ctype_.o)
 .text          0x00004220        0x0 /cygdrive/c/Embedded/GNUARM/bin/../lib/gcc/arm-elf/4.1.1/../../../../arm-elf/lib/interwork/libc.a(impure.o)
 *(.glue_7)
 .glue_7        0x00004220        0x0 main.o
 .glue_7        0x00004220        0x0 lcd.o
 .glue_7        0x00004220        0x0 lcd_hw.o
 .glue_7        0x00004220        0x0 game.o
 .glue_7        0x00004220        0x0 key.o
 .glue_7        0x00004220        0x0 display.o
 .glue_7        0x00004220        0x0 pacman.o
 .glue_7        0x00004220        0x0 music.o
 .glue_7        0x00004220        0x0 alphalcd.o
 .glue_7        0x00004220        0x0 i2c.o
 .glue_7        0x00004220        0x0 eeprom.o
 .glue_7        0x00004220        0x0 pca9532.o
 .glue_7        0x00004220        0x0 startup/libea_startup_thumb.a(startup.o)
 .glue_7        0x00004220        0x0 startup/libea_startup_thumb.a(framework.o)
 .glue_7        0x00004220        0x0 startup/libea_startup_thumb.a(consol.o)
 .glue_7        0x00004220        0x0 pre_emptive_os/pre_emptive_os.a(kernel.o)
 .glue_7        0x00004220        0x0 pre_emptive_os/pre_emptive_os.a(prioqueue.o)
 .glue_7        0x00004220        0x0 pre_emptive_os/pre_emptive_os.a(timer.o)
 .glue_7        0x00004220        0x0 pre_emptive_os/pre_emptive_os.a(stack_usage.o)
 .glue_7        0x00004220        0x0 pre_emptive_os/pre_emptive_os.a(a7hal.o)
 .glue_7        0x00004220        0x0 pre_emptive_os/pre_emptive_os.a(a7hal_a.o)
 .glue_7        0x00004220        0x0 pre_emptive_os/pre_emptive_os.a(count_sem.o)
 .glue_7        0x00004220        0x0 pre_emptive_os/pre_emptive_os.a(event.o)
 .glue_7        0x00004220        0x0 /cygdrive/c/Embedded/GNUARM/bin/../lib/gcc/arm-elf/4.1.1/interwork/libgcc.a(_udivsi3.o)
 .glue_7        0x00004220        0x0 /cygdrive/c/Embedded/GNUARM/bin/../lib/gcc/arm-elf/4.1.1/interwork/libgcc.a(_divsi3.o)
 .glue_7        0x00004220        0x0 /cygdrive/c/Embedded/GNUARM/bin/../lib/gcc/arm-elf/4.1.1/interwork/libgcc.a(_umodsi3.o)
 .glue_7        0x00004220        0x0 /cygdrive/c/Embedded/GNUARM/bin/../lib/gcc/arm-elf/4.1.1/interwork/libgcc.a(_modsi3.o)
 .glue_7        0x00004220        0x0 /cygdrive/c/Embedded/GNUARM/bin/../lib/gcc/arm-elf/4.1.1/interwork/libgcc.a(_dvmd_tls.o)
 .glue_7        0x00004220        0x0 /cygdrive/c/Embedded/GNUARM/bin/../lib/gcc/arm-elf/4.1.1/interwork/libgcc.a(_call_via_rX.o)
 .glue_7        0x00004220        0x0 /cygdrive/c/Embedded/GNUARM/bin/../lib/gcc/arm-elf/4.1.1/../../../../arm-elf/lib/interwork/libc.a(atoi.o)
 .glue_7        0x00004220        0x0 /cygdrive/c/Embedded/GNUARM/bin/../lib/gcc/arm-elf/4.1.1/../../../../arm-elf/lib/interwork/libc.a(memcpy.o)
 .glue_7        0x00004220        0x0 /cygdrive/c/Embedded/GNUARM/bin/../lib/gcc/arm-elf/4.1.1/../../../../arm-elf/lib/interwork/libc.a(strlen.o)
 .glue_7        0x00004220        0x0 /cygdrive/c/Embedded/GNUARM/bin/../lib/gcc/arm-elf/4.1.1/../../../../arm-elf/lib/interwork/libc.a(strtol.o)
 .glue_7        0x00004220        0x0 /cygdrive/c/Embedded/GNUARM/bin/../lib/gcc/arm-elf/4.1.1/../../../../arm-elf/lib/interwork/libc.a(ctype_.o)
 .glue_7        0x00004220       0x18 /cygdrive/c/Embedded/GNUARM/bin/../lib/gcc/arm-elf/4.1.1/../../../../arm-elf/lib/interwork/libc.a(impure.o)
                0x0000422c                __osISRExit_from_arm
                0x00004220                __osTick_from_arm
 *(.glue_7t)
 .glue_7t       0x00004238        0x0 main.o
 .glue_7t       0x00004238        0x0 lcd.o
 .glue_7t       0x00004238        0x0 lcd_hw.o
 .glue_7t       0x00004238        0x0 game.o
 .glue_7t       0x00004238        0x0 key.o
 .glue_7t       0x00004238        0x0 display.o
 .glue_7t       0x00004238        0x0 pacman.o
 .glue_7t       0x00004238        0x0 music.o
 .glue_7t       0x00004238        0x0 alphalcd.o
 .glue_7t       0x00004238        0x0 i2c.o
 .glue_7t       0x00004238        0x0 eeprom.o
 .glue_7t       0x00004238        0x0 pca9532.o
 .glue_7t       0x00004238        0x0 startup/libea_startup_thumb.a(startup.o)
 .glue_7t       0x00004238        0x0 startup/libea_startup_thumb.a(framework.o)
 .glue_7t       0x00004238        0x0 startup/libea_startup_thumb.a(consol.o)
 .glue_7t       0x00004238        0x0 pre_emptive_os/pre_emptive_os.a(kernel.o)
 .glue_7t       0x00004238        0x0 pre_emptive_os/pre_emptive_os.a(prioqueue.o)
 .glue_7t       0x00004238        0x0 pre_emptive_os/pre_emptive_os.a(timer.o)
 .glue_7t       0x00004238        0x0 pre_emptive_os/pre_emptive_os.a(stack_usage.o)
 .glue_7t       0x00004238        0x0 pre_emptive_os/pre_emptive_os.a(a7hal.o)
 .glue_7t       0x00004238        0x0 pre_emptive_os/pre_emptive_os.a(a7hal_a.o)
 .glue_7t       0x00004238        0x0 pre_emptive_os/pre_emptive_os.a(count_sem.o)
 .glue_7t       0x00004238        0x0 pre_emptive_os/pre_emptive_os.a(event.o)
 .glue_7t       0x00004238        0x0 /cygdrive/c/Embedded/GNUARM/bin/../lib/gcc/arm-elf/4.1.1/interwork/libgcc.a(_udivsi3.o)
 .glue_7t       0x00004238        0x0 /cygdrive/c/Embedded/GNUARM/bin/../lib/gcc/arm-elf/4.1.1/interwork/libgcc.a(_divsi3.o)
 .glue_7t       0x00004238        0x0 /cygdrive/c/Embedded/GNUARM/bin/../lib/gcc/arm-elf/4.1.1/interwork/libgcc.a(_umodsi3.o)
 .glue_7t       0x00004238        0x0 /cygdrive/c/Embedded/GNUARM/bin/../lib/gcc/arm-elf/4.1.1/interwork/libgcc.a(_modsi3.o)
 .glue_7t       0x00004238        0x0 /cygdrive/c/Embedded/GNUARM/bin/../lib/gcc/arm-elf/4.1.1/interwork/libgcc.a(_dvmd_tls.o)
 .glue_7t       0x00004238        0x0 /cygdrive/c/Embedded/GNUARM/bin/../lib/gcc/arm-elf/4.1.1/interwork/libgcc.a(_call_via_rX.o)
 .glue_7t       0x00004238        0x0 /cygdrive/c/Embedded/GNUARM/bin/../lib/gcc/arm-elf/4.1.1/../../../../arm-elf/lib/interwork/libc.a(atoi.o)
 .glue_7t       0x00004238        0x0 /cygdrive/c/Embedded/GNUARM/bin/../lib/gcc/arm-elf/4.1.1/../../../../arm-elf/lib/interwork/libc.a(memcpy.o)
 .glue_7t       0x00004238        0x0 /cygdrive/c/Embedded/GNUARM/bin/../lib/gcc/arm-elf/4.1.1/../../../../arm-elf/lib/interwork/libc.a(strlen.o)
 .glue_7t       0x00004238        0x0 /cygdrive/c/Embedded/GNUARM/bin/../lib/gcc/arm-elf/4.1.1/../../../../arm-elf/lib/interwork/libc.a(strtol.o)
 .glue_7t       0x00004238        0x0 /cygdrive/c/Embedded/GNUARM/bin/../lib/gcc/arm-elf/4.1.1/../../../../arm-elf/lib/interwork/libc.a(ctype_.o)
 .glue_7t       0x00004238       0x60 /cygdrive/c/Embedded/GNUARM/bin/../lib/gcc/arm-elf/4.1.1/../../../../arm-elf/lib/interwork/libc.a(impure.o)
                0x0000425c                ____modsi3_change_to_arm
                0x00004268                __halRestoreInterrupts_oshal_from_thumb
                0x00004240                __memcpy_from_thumb
                0x00004278                __ctxSwitch_oshal_from_thumb
                0x00004274                __stkFrameInit_oshal_change_to_arm
                0x0000428c                __initTimer_oshal_change_to_arm
                0x00004290                __startHighProc_oshal_from_thumb
                0x0000424c                ____umodsi3_change_to_arm
                0x00004258                ____modsi3_from_thumb
                0x00004254                ____udivsi3_change_to_arm
                0x00004294                __startHighProc_oshal_change_to_arm
                0x00004280                __ctxSwitchIsr_oshal_from_thumb
                0x0000426c                __halRestoreInterrupts_oshal_change_to_arm
                0x00004248                ____umodsi3_from_thumb
                0x00004238                ____divsi3_from_thumb
                0x0000427c                __ctxSwitch_oshal_change_to_arm
                0x00004270                __stkFrameInit_oshal_from_thumb
                0x00004250                ____udivsi3_from_thumb
                0x00004288                __initTimer_oshal_from_thumb
                0x00004284                __ctxSwitchIsr_oshal_change_to_arm
                0x00004264                __halDisableInterrupts_oshal_change_to_arm
                0x00004260                __halDisableInterrupts_oshal_from_thumb
                0x00004244                __memcpy_change_to_arm
                0x0000423c                ____divsi3_change_to_arm
                0x00004298                . = ALIGN (0x4)

.rodata         0x00004298      0x834
 *(.rodata)
 .rodata        0x00004298      0x55c lcd.o
                0x00004298                charMap
 .rodata        0x000047f4       0x14 game.o
 .rodata        0x00004808       0x3c pacman.o
 .rodata        0x00004844        0xb pca9532.o
 *fill*         0x0000484f        0x1 00
 .rodata        0x00004850       0x10 startup/libea_startup_thumb.a(consol.o)
 .rodata        0x00004860      0x101 /cygdrive/c/Embedded/GNUARM/bin/../lib/gcc/arm-elf/4.1.1/../../../../arm-elf/lib/interwork/libc.a(ctype_.o)
                0x00004860                _ctype_
 *fill*         0x00004961        0x3 00
 .rodata        0x00004964        0x4 /cygdrive/c/Embedded/GNUARM/bin/../lib/gcc/arm-elf/4.1.1/../../../../arm-elf/lib/interwork/libc.a(impure.o)
                0x00004964                _global_impure_ptr
 *(.rodata*)
 .rodata.str1.4
                0x00004968       0x60 game.o
 .rodata.str1.4
                0x000049c8        0xf display.o
                                 0x10 (size before relaxing)
 *fill*         0x000049d7        0x1 00
 .rodata.str1.4
                0x000049d8       0xd8 startup/libea_startup_thumb.a(framework.o)
 .rodata.str1.4
                0x00004ab0       0x18 startup/libea_startup_thumb.a(consol.o)
 .rodata.str1.4
                0x00004ac8        0x4 /cygdrive/c/Embedded/GNUARM/bin/../lib/gcc/arm-elf/4.1.1/../../../../arm-elf/lib/interwork/libc.a(impure.o)
                0x00004acc                . = ALIGN (0x4)
                0x00004acc                _etext = .
                0x00004acc                PROVIDE (etext, .)

.data           0x40000080      0xaf4 load address 0x00004acc
                0x40000080                _data = .
 *(.data)
 .data          0x40000080        0x0 main.o
 .data          0x40000080        0x0 lcd.o
 .data          0x40000080        0x0 lcd_hw.o
 .data          0x40000080        0x0 game.o
 .data          0x40000080        0x5 key.o
 .data          0x40000085        0x0 display.o
 *fill*         0x40000085        0x3 00
 .data          0x40000088      0x6e4 pacman.o
                0x40000088                defaultBoard
 .data          0x4000076c        0x0 music.o
 .data          0x4000076c        0x0 alphalcd.o
 .data          0x4000076c        0x0 i2c.o
 .data          0x4000076c        0x0 eeprom.o
 .data          0x4000076c        0x0 pca9532.o
 .data          0x4000076c        0x0 startup/libea_startup_thumb.a(startup.o)
 .data          0x4000076c        0x0 startup/libea_startup_thumb.a(framework.o)
 .data          0x4000076c        0x0 startup/libea_startup_thumb.a(consol.o)
 .data          0x4000076c        0x0 pre_emptive_os/pre_emptive_os.a(kernel.o)
 .data          0x4000076c        0x0 pre_emptive_os/pre_emptive_os.a(prioqueue.o)
 .data          0x4000076c        0x0 pre_emptive_os/pre_emptive_os.a(timer.o)
 .data          0x4000076c        0x0 pre_emptive_os/pre_emptive_os.a(stack_usage.o)
 .data          0x4000076c        0x0 pre_emptive_os/pre_emptive_os.a(a7hal.o)
 .data          0x4000076c        0x0 pre_emptive_os/pre_emptive_os.a(a7hal_a.o)
 .data          0x4000076c        0x0 pre_emptive_os/pre_emptive_os.a(count_sem.o)
 .data          0x4000076c        0x0 pre_emptive_os/pre_emptive_os.a(event.o)
 .data          0x4000076c        0x0 /cygdrive/c/Embedded/GNUARM/bin/../lib/gcc/arm-elf/4.1.1/interwork/libgcc.a(_udivsi3.o)
 .data          0x4000076c        0x0 /cygdrive/c/Embedded/GNUARM/bin/../lib/gcc/arm-elf/4.1.1/interwork/libgcc.a(_divsi3.o)
 .data          0x4000076c        0x0 /cygdrive/c/Embedded/GNUARM/bin/../lib/gcc/arm-elf/4.1.1/interwork/libgcc.a(_umodsi3.o)
 .data          0x4000076c        0x0 /cygdrive/c/Embedded/GNUARM/bin/../lib/gcc/arm-elf/4.1.1/interwork/libgcc.a(_modsi3.o)
 .data          0x4000076c        0x0 /cygdrive/c/Embedded/GNUARM/bin/../lib/gcc/arm-elf/4.1.1/interwork/libgcc.a(_dvmd_tls.o)
 .data          0x4000076c        0x0 /cygdrive/c/Embedded/GNUARM/bin/../lib/gcc/arm-elf/4.1.1/interwork/libgcc.a(_call_via_rX.o)
 .data          0x4000076c        0x0 /cygdrive/c/Embedded/GNUARM/bin/../lib/gcc/arm-elf/4.1.1/../../../../arm-elf/lib/interwork/libc.a(atoi.o)
 .data          0x4000076c        0x0 /cygdrive/c/Embedded/GNUARM/bin/../lib/gcc/arm-elf/4.1.1/../../../../arm-elf/lib/interwork/libc.a(memcpy.o)
 .data          0x4000076c        0x0 /cygdrive/c/Embedded/GNUARM/bin/../lib/gcc/arm-elf/4.1.1/../../../../arm-elf/lib/interwork/libc.a(strlen.o)
 .data          0x4000076c        0x0 /cygdrive/c/Embedded/GNUARM/bin/../lib/gcc/arm-elf/4.1.1/../../../../arm-elf/lib/interwork/libc.a(strtol.o)
 .data          0x4000076c        0x4 /cygdrive/c/Embedded/GNUARM/bin/../lib/gcc/arm-elf/4.1.1/../../../../arm-elf/lib/interwork/libc.a(ctype_.o)
                0x4000076c                __ctype_ptr
 .data          0x40000770      0x404 /cygdrive/c/Embedded/GNUARM/bin/../lib/gcc/arm-elf/4.1.1/../../../../arm-elf/lib/interwork/libc.a(impure.o)
                0x40000770                _impure_ptr
                0x40000b74                . = ALIGN (0x4)
                0x40000b74                _edata = .
                0x40000b74                PROVIDE (edata, .)

.bss            0x40000b74     0x13e4
                0x40000b74                _bss = .
                0x40000b74                __bss_start = .
                0x40000b74                __bss_start__ = .
 *(.bss)
 .bss           0x40000b74      0x640 main.o
 .bss           0x400011b4        0x5 lcd.o
 .bss           0x400011b9        0x0 lcd_hw.o
 .bss           0x400011b9        0x0 game.o
 .bss           0x400011b9      0x12e key.o
 .bss           0x400012e7        0x0 display.o
 *fill*         0x400012e7        0x1 00
 .bss           0x400012e8      0x110 pacman.o
 .bss           0x400013f8        0x0 music.o
 .bss           0x400013f8        0x1 alphalcd.o
 .bss           0x400013f9        0x0 i2c.o
 .bss           0x400013f9        0x0 eeprom.o
 .bss           0x400013f9        0x0 pca9532.o
 .bss           0x400013f9        0x0 startup/libea_startup_thumb.a(startup.o)
 .bss           0x400013f9        0x0 startup/libea_startup_thumb.a(framework.o)
 .bss           0x400013f9        0x0 startup/libea_startup_thumb.a(consol.o)
 *fill*         0x400013f9        0x3 00
 .bss           0x400013fc       0x2c pre_emptive_os/pre_emptive_os.a(kernel.o)
                0x400013fc                osLockNesting
                0x40001400                pNxtToRun
                0x40001404                pRunProc
                0x400013fd                isrNesting
 .bss           0x40001428        0x0 pre_emptive_os/pre_emptive_os.a(prioqueue.o)
 .bss           0x40001428      0x348 pre_emptive_os/pre_emptive_os.a(timer.o)
 .bss           0x40001770        0x0 pre_emptive_os/pre_emptive_os.a(stack_usage.o)
 .bss           0x40001770        0x0 pre_emptive_os/pre_emptive_os.a(a7hal.o)
 .bss           0x40001770        0x0 pre_emptive_os/pre_emptive_os.a(a7hal_a.o)
 .bss           0x40001770        0x0 pre_emptive_os/pre_emptive_os.a(count_sem.o)
 .bss           0x40001770        0x0 pre_emptive_os/pre_emptive_os.a(event.o)
 .bss           0x40001770        0x0 /cygdrive/c/Embedded/GNUARM/bin/../lib/gcc/arm-elf/4.1.1/interwork/libgcc.a(_udivsi3.o)
 .bss           0x40001770        0x0 /cygdrive/c/Embedded/GNUARM/bin/../lib/gcc/arm-elf/4.1.1/interwork/libgcc.a(_divsi3.o)
 .bss           0x40001770        0x0 /cygdrive/c/Embedded/GNUARM/bin/../lib/gcc/arm-elf/4.1.1/interwork/libgcc.a(_umodsi3.o)
 .bss           0x40001770        0x0 /cygdrive/c/Embedded/GNUARM/bin/../lib/gcc/arm-elf/4.1.1/interwork/libgcc.a(_modsi3.o)
 .bss           0x40001770        0x0 /cygdrive/c/Embedded/GNUARM/bin/../lib/gcc/arm-elf/4.1.1/interwork/libgcc.a(_dvmd_tls.o)
 .bss           0x40001770        0x0 /cygdrive/c/Embedded/GNUARM/bin/../lib/gcc/arm-elf/4.1.1/interwork/libgcc.a(_call_via_rX.o)
 .bss           0x40001770        0x0 /cygdrive/c/Embedded/GNUARM/bin/../lib/gcc/arm-elf/4.1.1/../../../../arm-elf/lib/interwork/libc.a(atoi.o)
 .bss           0x40001770        0x0 /cygdrive/c/Embedded/GNUARM/bin/../lib/gcc/arm-elf/4.1.1/../../../../arm-elf/lib/interwork/libc.a(memcpy.o)
 .bss           0x40001770        0x0 /cygdrive/c/Embedded/GNUARM/bin/../lib/gcc/arm-elf/4.1.1/../../../../arm-elf/lib/interwork/libc.a(strlen.o)
 .bss           0x40001770        0x0 /cygdrive/c/Embedded/GNUARM/bin/../lib/gcc/arm-elf/4.1.1/../../../../arm-elf/lib/interwork/libc.a(strtol.o)
 .bss           0x40001770        0x0 /cygdrive/c/Embedded/GNUARM/bin/../lib/gcc/arm-elf/4.1.1/../../../../arm-elf/lib/interwork/libc.a(ctype_.o)
 .bss           0x40001770        0x0 /cygdrive/c/Embedded/GNUARM/bin/../lib/gcc/arm-elf/4.1.1/../../../../arm-elf/lib/interwork/libc.a(impure.o)
 *(COMMON)
 COMMON         0x40001770        0xa game.o
                0x40001770                lifeLost
                0x40001774                direction
                0x40001778                pressedKey
                0x40001779                gameEnded
 *fill*         0x4000177a        0x2 00
 COMMON         0x4000177c      0x6e4 pacman.o
                0x4000177c                board
 COMMON         0x40001e60        0x8 startup/libea_startup_thumb.a(framework.o)
                0x40001e60                pHeapEnd
                0x40001e64                pHeapStart
 COMMON         0x40001e68       0xf0 pre_emptive_os/pre_emptive_os.a(kernel.o)
                0x40001e68                processControlBlocks
                0x40001f58                . = ALIGN (0x4)
                0x40001f58                . = ALIGN (0x4)
                0x40001f58                __bss_end = .
                0x40001f58                __bss_end__ = .
                0x40001f58                _end = .
                0x40001f58                PROVIDE (end, .)

.stab           0x00000000      0x600
 *(.stab)
 .stab          0x00000000      0x3c0 startup/libea_startup_thumb.a(startup.o)
 .stab          0x000003c0      0x240 pre_emptive_os/pre_emptive_os.a(a7hal_a.o)
                                0x24c (size before relaxing)

.stabstr        0x00000000       0x99
 *(.stabstr)
 .stabstr       0x00000000       0x99 startup/libea_startup_thumb.a(startup.o)

.stab.excl
 *(.stab.excl)

.stab.exclstr
 *(.stab.exclstr)

.stab.index
 *(.stab.index)

.stab.indexstr
 *(.stab.indexstr)

.comment        0x00000000      0x1e6
 *(.comment)
 .comment       0x00000000       0x12 main.o
 .comment       0x00000012       0x12 lcd.o
 .comment       0x00000024       0x12 lcd_hw.o
 .comment       0x00000036       0x12 game.o
 .comment       0x00000048       0x12 key.o
 .comment       0x0000005a       0x12 display.o
 .comment       0x0000006c       0x12 pacman.o
 .comment       0x0000007e       0x12 music.o
 .comment       0x00000090       0x12 alphalcd.o
 .comment       0x000000a2       0x12 i2c.o
 .comment       0x000000b4       0x12 eeprom.o
 .comment       0x000000c6       0x12 pca9532.o
 .comment       0x000000d8       0x12 startup/libea_startup_thumb.a(framework.o)
 .comment       0x000000ea       0x12 startup/libea_startup_thumb.a(consol.o)
 .comment       0x000000fc       0x12 pre_emptive_os/pre_emptive_os.a(kernel.o)
 .comment       0x0000010e       0x12 pre_emptive_os/pre_emptive_os.a(prioqueue.o)
 .comment       0x00000120       0x12 pre_emptive_os/pre_emptive_os.a(timer.o)
 .comment       0x00000132       0x12 pre_emptive_os/pre_emptive_os.a(stack_usage.o)
 .comment       0x00000144       0x12 pre_emptive_os/pre_emptive_os.a(a7hal.o)
 .comment       0x00000156       0x12 pre_emptive_os/pre_emptive_os.a(count_sem.o)
 .comment       0x00000168       0x12 pre_emptive_os/pre_emptive_os.a(event.o)
 .comment       0x0000017a       0x12 /cygdrive/c/Embedded/GNUARM/bin/../lib/gcc/arm-elf/4.1.1/../../../../arm-elf/lib/interwork/libc.a(atoi.o)
 .comment       0x0000018c       0x12 /cygdrive/c/Embedded/GNUARM/bin/../lib/gcc/arm-elf/4.1.1/../../../../arm-elf/lib/interwork/libc.a(memcpy.o)
 .comment       0x0000019e       0x12 /cygdrive/c/Embedded/GNUARM/bin/../lib/gcc/arm-elf/4.1.1/../../../../arm-elf/lib/interwork/libc.a(strlen.o)
 .comment       0x000001b0       0x12 /cygdrive/c/Embedded/GNUARM/bin/../lib/gcc/arm-elf/4.1.1/../../../../arm-elf/lib/interwork/libc.a(strtol.o)
 .comment       0x000001c2       0x12 /cygdrive/c/Embedded/GNUARM/bin/../lib/gcc/arm-elf/4.1.1/../../../../arm-elf/lib/interwork/libc.a(ctype_.o)
 .comment       0x000001d4       0x12 /cygdrive/c/Embedded/GNUARM/bin/../lib/gcc/arm-elf/4.1.1/../../../../arm-elf/lib/interwork/libc.a(impure.o)

.debug
 *(.debug)

.line
 *(.line)

.debug_srcinfo
 *(.debug_srcinfo)

.debug_sfnames
 *(.debug_sfnames)

.debug_aranges  0x00000000      0x3e0
 *(.debug_aranges)
 .debug_aranges
                0x00000000       0x20 main.o
 .debug_aranges
                0x00000020       0x20 lcd.o
 .debug_aranges
                0x00000040       0x20 lcd_hw.o
 .debug_aranges
                0x00000060       0x20 game.o
 .debug_aranges
                0x00000080       0x20 key.o
 .debug_aranges
                0x000000a0       0x20 display.o
 .debug_aranges
                0x000000c0       0x20 pacman.o
 .debug_aranges
                0x000000e0       0x20 music.o
 .debug_aranges
                0x00000100       0x20 alphalcd.o
 .debug_aranges
                0x00000120       0x20 i2c.o
 .debug_aranges
                0x00000140       0x20 eeprom.o
 .debug_aranges
                0x00000160       0x20 pca9532.o
 .debug_aranges
                0x00000180       0x20 startup/libea_startup_thumb.a(framework.o)
 .debug_aranges
                0x000001a0       0x20 startup/libea_startup_thumb.a(consol.o)
 .debug_aranges
                0x000001c0       0x20 pre_emptive_os/pre_emptive_os.a(kernel.o)
 .debug_aranges
                0x000001e0       0x20 pre_emptive_os/pre_emptive_os.a(prioqueue.o)
 .debug_aranges
                0x00000200       0x20 pre_emptive_os/pre_emptive_os.a(timer.o)
 .debug_aranges
                0x00000220       0x20 pre_emptive_os/pre_emptive_os.a(stack_usage.o)
 .debug_aranges
                0x00000240       0x20 pre_emptive_os/pre_emptive_os.a(a7hal.o)
 .debug_aranges
                0x00000260       0x20 pre_emptive_os/pre_emptive_os.a(count_sem.o)
 .debug_aranges
                0x00000280       0x20 pre_emptive_os/pre_emptive_os.a(event.o)
 .debug_aranges
                0x000002a0       0x20 /cygdrive/c/Embedded/GNUARM/bin/../lib/gcc/arm-elf/4.1.1/interwork/libgcc.a(_udivsi3.o)
 .debug_aranges
                0x000002c0       0x20 /cygdrive/c/Embedded/GNUARM/bin/../lib/gcc/arm-elf/4.1.1/interwork/libgcc.a(_divsi3.o)
 .debug_aranges
                0x000002e0       0x20 /cygdrive/c/Embedded/GNUARM/bin/../lib/gcc/arm-elf/4.1.1/interwork/libgcc.a(_umodsi3.o)
 .debug_aranges
                0x00000300       0x20 /cygdrive/c/Embedded/GNUARM/bin/../lib/gcc/arm-elf/4.1.1/interwork/libgcc.a(_modsi3.o)
 .debug_aranges
                0x00000320       0x20 /cygdrive/c/Embedded/GNUARM/bin/../lib/gcc/arm-elf/4.1.1/interwork/libgcc.a(_dvmd_tls.o)
 .debug_aranges
                0x00000340       0x20 /cygdrive/c/Embedded/GNUARM/bin/../lib/gcc/arm-elf/4.1.1/interwork/libgcc.a(_call_via_rX.o)
 .debug_aranges
                0x00000360       0x20 /cygdrive/c/Embedded/GNUARM/bin/../lib/gcc/arm-elf/4.1.1/../../../../arm-elf/lib/interwork/libc.a(atoi.o)
 .debug_aranges
                0x00000380       0x20 /cygdrive/c/Embedded/GNUARM/bin/../lib/gcc/arm-elf/4.1.1/../../../../arm-elf/lib/interwork/libc.a(memcpy.o)
 .debug_aranges
                0x000003a0       0x20 /cygdrive/c/Embedded/GNUARM/bin/../lib/gcc/arm-elf/4.1.1/../../../../arm-elf/lib/interwork/libc.a(strlen.o)
 .debug_aranges
                0x000003c0       0x20 /cygdrive/c/Embedded/GNUARM/bin/../lib/gcc/arm-elf/4.1.1/../../../../arm-elf/lib/interwork/libc.a(strtol.o)

.debug_pubnames
                0x00000000      0xcad
 *(.debug_pubnames)
 .debug_pubnames
                0x00000000       0x27 main.o
 .debug_pubnames
                0x00000027       0xce lcd.o
 .debug_pubnames
                0x000000f5       0x40 lcd_hw.o
 .debug_pubnames
                0x00000135      0x135 game.o
 .debug_pubnames
                0x0000026a       0x5c key.o
 .debug_pubnames
                0x000002c6       0xd6 display.o
 .debug_pubnames
                0x0000039c       0xee pacman.o
 .debug_pubnames
                0x0000048a       0x4f music.o
 .debug_pubnames
                0x000004d9       0x25 alphalcd.o
 .debug_pubnames
                0x000004fe       0xcc i2c.o
 .debug_pubnames
                0x000005ca       0x64 eeprom.o
 .debug_pubnames
                0x0000062e       0x46 pca9532.o
 .debug_pubnames
                0x00000674       0x63 startup/libea_startup_thumb.a(framework.o)
 .debug_pubnames
                0x000006d7       0xda startup/libea_startup_thumb.a(consol.o)
 .debug_pubnames
                0x000007b1      0x17f pre_emptive_os/pre_emptive_os.a(kernel.o)
 .debug_pubnames
                0x00000930       0x76 pre_emptive_os/pre_emptive_os.a(prioqueue.o)
 .debug_pubnames
                0x000009a6       0x55 pre_emptive_os/pre_emptive_os.a(timer.o)
 .debug_pubnames
                0x000009fb       0x4e pre_emptive_os/pre_emptive_os.a(stack_usage.o)
 .debug_pubnames
                0x00000a49       0xc1 pre_emptive_os/pre_emptive_os.a(a7hal.o)
 .debug_pubnames
                0x00000b0a       0x4d pre_emptive_os/pre_emptive_os.a(count_sem.o)
 .debug_pubnames
                0x00000b57       0x63 pre_emptive_os/pre_emptive_os.a(event.o)
 .debug_pubnames
                0x00000bba       0x27 /cygdrive/c/Embedded/GNUARM/bin/../lib/gcc/arm-elf/4.1.1/../../../../arm-elf/lib/interwork/libc.a(atoi.o)
 .debug_pubnames
                0x00000be1       0x1d /cygdrive/c/Embedded/GNUARM/bin/../lib/gcc/arm-elf/4.1.1/../../../../arm-elf/lib/interwork/libc.a(memcpy.o)
 .debug_pubnames
                0x00000bfe       0x1d /cygdrive/c/Embedded/GNUARM/bin/../lib/gcc/arm-elf/4.1.1/../../../../arm-elf/lib/interwork/libc.a(strlen.o)
 .debug_pubnames
                0x00000c1b       0x2b /cygdrive/c/Embedded/GNUARM/bin/../lib/gcc/arm-elf/4.1.1/../../../../arm-elf/lib/interwork/libc.a(strtol.o)
 .debug_pubnames
                0x00000c46       0x2e /cygdrive/c/Embedded/GNUARM/bin/../lib/gcc/arm-elf/4.1.1/../../../../arm-elf/lib/interwork/libc.a(ctype_.o)
 .debug_pubnames
                0x00000c74       0x39 /cygdrive/c/Embedded/GNUARM/bin/../lib/gcc/arm-elf/4.1.1/../../../../arm-elf/lib/interwork/libc.a(impure.o)

.debug_info     0x00000000     0x65c0
 *(.debug_info .gnu.linkonce.wi.*)
 .debug_info    0x00000000      0x1c4 main.o
 .debug_info    0x000001c4      0x4aa lcd.o
 .debug_info    0x0000066e      0x105 lcd_hw.o
 .debug_info    0x00000773      0x5ac game.o
 .debug_info    0x00000d1f      0x2ce key.o
 .debug_info    0x00000fed      0x281 display.o
 .debug_info    0x0000126e      0x775 pacman.o
 .debug_info    0x000019e3      0x104 music.o
 .debug_info    0x00001ae7      0x1a8 alphalcd.o
 .debug_info    0x00001c8f      0x465 i2c.o
 .debug_info    0x000020f4      0x29a eeprom.o
 .debug_info    0x0000238e      0x179 pca9532.o
 .debug_info    0x00002507      0x1e5 startup/libea_startup_thumb.a(framework.o)
 .debug_info    0x000026ec      0x584 startup/libea_startup_thumb.a(consol.o)
 .debug_info    0x00002c70      0x5fe pre_emptive_os/pre_emptive_os.a(kernel.o)
 .debug_info    0x0000326e      0x2e8 pre_emptive_os/pre_emptive_os.a(prioqueue.o)
 .debug_info    0x00003556      0x4b8 pre_emptive_os/pre_emptive_os.a(timer.o)
 .debug_info    0x00003a0e      0x2cf pre_emptive_os/pre_emptive_os.a(stack_usage.o)
 .debug_info    0x00003cdd      0x189 pre_emptive_os/pre_emptive_os.a(a7hal.o)
 .debug_info    0x00003e66      0x32b pre_emptive_os/pre_emptive_os.a(count_sem.o)
 .debug_info    0x00004191      0x2ee pre_emptive_os/pre_emptive_os.a(event.o)
 .debug_info    0x0000447f       0x68 /cygdrive/c/Embedded/GNUARM/bin/../lib/gcc/arm-elf/4.1.1/interwork/libgcc.a(_udivsi3.o)
 .debug_info    0x000044e7       0x68 /cygdrive/c/Embedded/GNUARM/bin/../lib/gcc/arm-elf/4.1.1/interwork/libgcc.a(_divsi3.o)
 .debug_info    0x0000454f       0x68 /cygdrive/c/Embedded/GNUARM/bin/../lib/gcc/arm-elf/4.1.1/interwork/libgcc.a(_umodsi3.o)
 .debug_info    0x000045b7       0x68 /cygdrive/c/Embedded/GNUARM/bin/../lib/gcc/arm-elf/4.1.1/interwork/libgcc.a(_modsi3.o)
 .debug_info    0x0000461f       0x68 /cygdrive/c/Embedded/GNUARM/bin/../lib/gcc/arm-elf/4.1.1/interwork/libgcc.a(_dvmd_tls.o)
 .debug_info    0x00004687       0x68 /cygdrive/c/Embedded/GNUARM/bin/../lib/gcc/arm-elf/4.1.1/interwork/libgcc.a(_call_via_rX.o)
 .debug_info    0x000046ef      0x949 /cygdrive/c/Embedded/GNUARM/bin/../lib/gcc/arm-elf/4.1.1/../../../../arm-elf/lib/interwork/libc.a(atoi.o)
 .debug_info    0x00005038      0x10a /cygdrive/c/Embedded/GNUARM/bin/../lib/gcc/arm-elf/4.1.1/../../../../arm-elf/lib/interwork/libc.a(memcpy.o)
 .debug_info    0x00005142       0xd4 /cygdrive/c/Embedded/GNUARM/bin/../lib/gcc/arm-elf/4.1.1/../../../../arm-elf/lib/interwork/libc.a(strlen.o)
 .debug_info    0x00005216      0xa0f /cygdrive/c/Embedded/GNUARM/bin/../lib/gcc/arm-elf/4.1.1/../../../../arm-elf/lib/interwork/libc.a(strtol.o)
 .debug_info    0x00005c25       0x79 /cygdrive/c/Embedded/GNUARM/bin/../lib/gcc/arm-elf/4.1.1/../../../../arm-elf/lib/interwork/libc.a(ctype_.o)
 .debug_info    0x00005c9e      0x922 /cygdrive/c/Embedded/GNUARM/bin/../lib/gcc/arm-elf/4.1.1/../../../../arm-elf/lib/interwork/libc.a(impure.o)

.debug_abbrev   0x00000000     0x21ca
 *(.debug_abbrev)
 .debug_abbrev  0x00000000       0xee main.o
 .debug_abbrev  0x000000ee      0x1b0 lcd.o
 .debug_abbrev  0x0000029e       0xcd lcd_hw.o
 .debug_abbrev  0x0000036b      0x229 game.o
 .debug_abbrev  0x00000594      0x170 key.o
 .debug_abbrev  0x00000704       0x8a display.o
 .debug_abbrev  0x0000078e      0x291 pacman.o
 .debug_abbrev  0x00000a1f       0x88 music.o
 .debug_abbrev  0x00000aa7      0x11f alphalcd.o
 .debug_abbrev  0x00000bc6      0x1ac i2c.o
 .debug_abbrev  0x00000d72      0x117 eeprom.o
 .debug_abbrev  0x00000e89       0xb8 pca9532.o
 .debug_abbrev  0x00000f41       0xd0 startup/libea_startup_thumb.a(framework.o)
 .debug_abbrev  0x00001011      0x2a4 startup/libea_startup_thumb.a(consol.o)
 .debug_abbrev  0x000012b5      0x1b8 pre_emptive_os/pre_emptive_os.a(kernel.o)
 .debug_abbrev  0x0000146d      0x11e pre_emptive_os/pre_emptive_os.a(prioqueue.o)
 .debug_abbrev  0x0000158b      0x154 pre_emptive_os/pre_emptive_os.a(timer.o)
 .debug_abbrev  0x000016df      0x170 pre_emptive_os/pre_emptive_os.a(stack_usage.o)
 .debug_abbrev  0x0000184f       0xf2 pre_emptive_os/pre_emptive_os.a(a7hal.o)
 .debug_abbrev  0x00001941      0x101 pre_emptive_os/pre_emptive_os.a(count_sem.o)
 .debug_abbrev  0x00001a42      0x103 pre_emptive_os/pre_emptive_os.a(event.o)
 .debug_abbrev  0x00001b45       0x14 /cygdrive/c/Embedded/GNUARM/bin/../lib/gcc/arm-elf/4.1.1/interwork/libgcc.a(_udivsi3.o)
 .debug_abbrev  0x00001b59       0x14 /cygdrive/c/Embedded/GNUARM/bin/../lib/gcc/arm-elf/4.1.1/interwork/libgcc.a(_divsi3.o)
 .debug_abbrev  0x00001b6d       0x14 /cygdrive/c/Embedded/GNUARM/bin/../lib/gcc/arm-elf/4.1.1/interwork/libgcc.a(_umodsi3.o)
 .debug_abbrev  0x00001b81       0x14 /cygdrive/c/Embedded/GNUARM/bin/../lib/gcc/arm-elf/4.1.1/interwork/libgcc.a(_modsi3.o)
 .debug_abbrev  0x00001b95       0x14 /cygdrive/c/Embedded/GNUARM/bin/../lib/gcc/arm-elf/4.1.1/interwork/libgcc.a(_dvmd_tls.o)
 .debug_abbrev  0x00001ba9       0x14 /cygdrive/c/Embedded/GNUARM/bin/../lib/gcc/arm-elf/4.1.1/interwork/libgcc.a(_call_via_rX.o)
 .debug_abbrev  0x00001bbd      0x176 /cygdrive/c/Embedded/GNUARM/bin/../lib/gcc/arm-elf/4.1.1/../../../../arm-elf/lib/interwork/libc.a(atoi.o)
 .debug_abbrev  0x00001d33       0xa6 /cygdrive/c/Embedded/GNUARM/bin/../lib/gcc/arm-elf/4.1.1/../../../../arm-elf/lib/interwork/libc.a(memcpy.o)
 .debug_abbrev  0x00001dd9       0x8b /cygdrive/c/Embedded/GNUARM/bin/../lib/gcc/arm-elf/4.1.1/../../../../arm-elf/lib/interwork/libc.a(strlen.o)
 .debug_abbrev  0x00001e64      0x1bd /cygdrive/c/Embedded/GNUARM/bin/../lib/gcc/arm-elf/4.1.1/../../../../arm-elf/lib/interwork/libc.a(strtol.o)
 .debug_abbrev  0x00002021       0x52 /cygdrive/c/Embedded/GNUARM/bin/../lib/gcc/arm-elf/4.1.1/../../../../arm-elf/lib/interwork/libc.a(ctype_.o)
 .debug_abbrev  0x00002073      0x157 /cygdrive/c/Embedded/GNUARM/bin/../lib/gcc/arm-elf/4.1.1/../../../../arm-elf/lib/interwork/libc.a(impure.o)

.debug_line     0x00000000     0x1ae2
 *(.debug_line)
 .debug_line    0x00000000       0x7a main.o
 .debug_line    0x0000007a      0x148 lcd.o
 .debug_line    0x000001c2       0x8c lcd_hw.o
 .debug_line    0x0000024e       0xff game.o
 .debug_line    0x0000034d       0xab key.o
 .debug_line    0x000003f8      0x112 display.o
 .debug_line    0x0000050a      0x1e1 pacman.o
 .debug_line    0x000006eb       0x63 music.o
 .debug_line    0x0000074e       0xc1 alphalcd.o
 .debug_line    0x0000080f      0x123 i2c.o
 .debug_line    0x00000932      0x10a eeprom.o
 .debug_line    0x00000a3c       0x96 pca9532.o
 .debug_line    0x00000ad2       0xb9 startup/libea_startup_thumb.a(framework.o)
 .debug_line    0x00000b8b      0x193 startup/libea_startup_thumb.a(consol.o)
 .debug_line    0x00000d1e      0x176 pre_emptive_os/pre_emptive_os.a(kernel.o)
 .debug_line    0x00000e94       0xbb pre_emptive_os/pre_emptive_os.a(prioqueue.o)
 .debug_line    0x00000f4f      0x109 pre_emptive_os/pre_emptive_os.a(timer.o)
 .debug_line    0x00001058       0x97 pre_emptive_os/pre_emptive_os.a(stack_usage.o)
 .debug_line    0x000010ef       0x8c pre_emptive_os/pre_emptive_os.a(a7hal.o)
 .debug_line    0x0000117b       0xd9 pre_emptive_os/pre_emptive_os.a(count_sem.o)
 .debug_line    0x00001254       0xaf pre_emptive_os/pre_emptive_os.a(event.o)
 .debug_line    0x00001303       0x84 /cygdrive/c/Embedded/GNUARM/bin/../lib/gcc/arm-elf/4.1.1/interwork/libgcc.a(_udivsi3.o)
 .debug_line    0x00001387       0x90 /cygdrive/c/Embedded/GNUARM/bin/../lib/gcc/arm-elf/4.1.1/interwork/libgcc.a(_divsi3.o)
 .debug_line    0x00001417       0x6e /cygdrive/c/Embedded/GNUARM/bin/../lib/gcc/arm-elf/4.1.1/interwork/libgcc.a(_umodsi3.o)
 .debug_line    0x00001485       0x74 /cygdrive/c/Embedded/GNUARM/bin/../lib/gcc/arm-elf/4.1.1/interwork/libgcc.a(_modsi3.o)
 .debug_line    0x000014f9       0x5d /cygdrive/c/Embedded/GNUARM/bin/../lib/gcc/arm-elf/4.1.1/interwork/libgcc.a(_dvmd_tls.o)
 .debug_line    0x00001556       0x6b /cygdrive/c/Embedded/GNUARM/bin/../lib/gcc/arm-elf/4.1.1/interwork/libgcc.a(_call_via_rX.o)
 .debug_line    0x000015c1       0xf9 /cygdrive/c/Embedded/GNUARM/bin/../lib/gcc/arm-elf/4.1.1/../../../../arm-elf/lib/interwork/libc.a(atoi.o)
 .debug_line    0x000016ba       0xc8 /cygdrive/c/Embedded/GNUARM/bin/../lib/gcc/arm-elf/4.1.1/../../../../arm-elf/lib/interwork/libc.a(memcpy.o)
 .debug_line    0x00001782       0xaf /cygdrive/c/Embedded/GNUARM/bin/../lib/gcc/arm-elf/4.1.1/../../../../arm-elf/lib/interwork/libc.a(strlen.o)
 .debug_line    0x00001831      0x173 /cygdrive/c/Embedded/GNUARM/bin/../lib/gcc/arm-elf/4.1.1/../../../../arm-elf/lib/interwork/libc.a(strtol.o)
 .debug_line    0x000019a4       0x5b /cygdrive/c/Embedded/GNUARM/bin/../lib/gcc/arm-elf/4.1.1/../../../../arm-elf/lib/interwork/libc.a(ctype_.o)
 .debug_line    0x000019ff       0xe3 /cygdrive/c/Embedded/GNUARM/bin/../lib/gcc/arm-elf/4.1.1/../../../../arm-elf/lib/interwork/libc.a(impure.o)

.debug_frame    0x00000000     0x1294
 *(.debug_frame)
 .debug_frame   0x00000000       0x70 main.o
 .debug_frame   0x00000070      0x180 lcd.o
 .debug_frame   0x000001f0       0x4c lcd_hw.o
 .debug_frame   0x0000023c      0x130 game.o
 .debug_frame   0x0000036c       0x8c key.o
 .debug_frame   0x000003f8      0x148 display.o
 .debug_frame   0x00000540      0x190 pacman.o
 .debug_frame   0x000006d0       0x68 music.o
 .debug_frame   0x00000738       0x54 alphalcd.o
 .debug_frame   0x0000078c      0x108 i2c.o
 .debug_frame   0x00000894       0xa4 eeprom.o
 .debug_frame   0x00000938       0x68 pca9532.o
 .debug_frame   0x000009a0       0xe0 startup/libea_startup_thumb.a(framework.o)
 .debug_frame   0x00000a80      0x150 startup/libea_startup_thumb.a(consol.o)
 .debug_frame   0x00000bd0      0x1e8 pre_emptive_os/pre_emptive_os.a(kernel.o)
 .debug_frame   0x00000db8       0x8c pre_emptive_os/pre_emptive_os.a(prioqueue.o)
 .debug_frame   0x00000e44       0xb8 pre_emptive_os/pre_emptive_os.a(timer.o)
 .debug_frame   0x00000efc       0x58 pre_emptive_os/pre_emptive_os.a(stack_usage.o)
 .debug_frame   0x00000f54       0xa0 pre_emptive_os/pre_emptive_os.a(a7hal.o)
 .debug_frame   0x00000ff4       0x84 pre_emptive_os/pre_emptive_os.a(count_sem.o)
 .debug_frame   0x00001078       0x94 pre_emptive_os/pre_emptive_os.a(event.o)
 .debug_frame   0x0000110c       0x2c /cygdrive/c/Embedded/GNUARM/bin/../lib/gcc/arm-elf/4.1.1/interwork/libgcc.a(_udivsi3.o)
 .debug_frame   0x00001138       0x2c /cygdrive/c/Embedded/GNUARM/bin/../lib/gcc/arm-elf/4.1.1/interwork/libgcc.a(_divsi3.o)
 .debug_frame   0x00001164       0x2c /cygdrive/c/Embedded/GNUARM/bin/../lib/gcc/arm-elf/4.1.1/interwork/libgcc.a(_umodsi3.o)
 .debug_frame   0x00001190       0x2c /cygdrive/c/Embedded/GNUARM/bin/../lib/gcc/arm-elf/4.1.1/interwork/libgcc.a(_modsi3.o)
 .debug_frame   0x000011bc       0x40 /cygdrive/c/Embedded/GNUARM/bin/../lib/gcc/arm-elf/4.1.1/../../../../arm-elf/lib/interwork/libc.a(atoi.o)
 .debug_frame   0x000011fc       0x28 /cygdrive/c/Embedded/GNUARM/bin/../lib/gcc/arm-elf/4.1.1/../../../../arm-elf/lib/interwork/libc.a(memcpy.o)
 .debug_frame   0x00001224       0x20 /cygdrive/c/Embedded/GNUARM/bin/../lib/gcc/arm-elf/4.1.1/../../../../arm-elf/lib/interwork/libc.a(strlen.o)
 .debug_frame   0x00001244       0x50 /cygdrive/c/Embedded/GNUARM/bin/../lib/gcc/arm-elf/4.1.1/../../../../arm-elf/lib/interwork/libc.a(strtol.o)

.debug_str      0x00000000     0x1a9b
 *(.debug_str)
 .debug_str     0x00000000      0x133 main.o
                                0x15e (size before relaxing)
 .debug_str     0x00000133      0x114 lcd.o
                                0x1c6 (size before relaxing)
 .debug_str     0x00000247       0x41 lcd_hw.o
                                 0xe3 (size before relaxing)
 .debug_str     0x00000288      0x246 game.o
                                0x308 (size before relaxing)
 .debug_str     0x000004ce       0xe9 key.o
                                0x18c (size before relaxing)
 .debug_str     0x000005b7       0xa2 display.o
                                0x149 (size before relaxing)
 .debug_str     0x00000659      0x206 pacman.o
                                0x3ea (size before relaxing)
 .debug_str     0x0000085f       0x3f music.o
                                 0xca (size before relaxing)
 .debug_str     0x0000089e       0x62 alphalcd.o
                                0x10e (size before relaxing)
 .debug_str     0x00000900       0xb4 i2c.o
                                0x149 (size before relaxing)
 .debug_str     0x000009b4       0x6a eeprom.o
                                0x11f (size before relaxing)
 .debug_str     0x00000a1e       0x5b pca9532.o
                                0x109 (size before relaxing)
 .debug_str     0x00000a79      0x120 startup/libea_startup_thumb.a(framework.o)
                                0x152 (size before relaxing)
 .debug_str     0x00000b99      0x188 startup/libea_startup_thumb.a(consol.o)
                                0x256 (size before relaxing)
 .debug_str     0x00000d21      0x2e0 pre_emptive_os/pre_emptive_os.a(kernel.o)
                                0x35e (size before relaxing)
 .debug_str     0x00001001       0x7d pre_emptive_os/pre_emptive_os.a(prioqueue.o)
                                0x246 (size before relaxing)
 .debug_str     0x0000107e      0x10e pre_emptive_os/pre_emptive_os.a(timer.o)
                                0x2f7 (size before relaxing)
 .debug_str     0x0000118c       0x70 pre_emptive_os/pre_emptive_os.a(stack_usage.o)
                                0x22b (size before relaxing)
 .debug_str     0x000011fc      0x16f pre_emptive_os/pre_emptive_os.a(a7hal.o)
                                0x1dd (size before relaxing)
 .debug_str     0x0000136b       0x51 pre_emptive_os/pre_emptive_os.a(count_sem.o)
                                0x25b (size before relaxing)
 .debug_str     0x000013bc       0x51 pre_emptive_os/pre_emptive_os.a(event.o)
                                0x265 (size before relaxing)
 .debug_str     0x0000140d      0x409 /cygdrive/c/Embedded/GNUARM/bin/../lib/gcc/arm-elf/4.1.1/../../../../arm-elf/lib/interwork/libc.a(atoi.o)
                                0x49e (size before relaxing)
 .debug_str     0x00001816       0xaa /cygdrive/c/Embedded/GNUARM/bin/../lib/gcc/arm-elf/4.1.1/../../../../arm-elf/lib/interwork/libc.a(memcpy.o)
                                 0xd6 (size before relaxing)
 .debug_str     0x000018c0       0x56 /cygdrive/c/Embedded/GNUARM/bin/../lib/gcc/arm-elf/4.1.1/../../../../arm-elf/lib/interwork/libc.a(strlen.o)
                                0x11f (size before relaxing)
 .debug_str     0x00001916       0x78 /cygdrive/c/Embedded/GNUARM/bin/../lib/gcc/arm-elf/4.1.1/../../../../arm-elf/lib/interwork/libc.a(strtol.o)
                                0x4e0 (size before relaxing)
 .debug_str     0x0000198e       0x7b /cygdrive/c/Embedded/GNUARM/bin/../lib/gcc/arm-elf/4.1.1/../../../../arm-elf/lib/interwork/libc.a(ctype_.o)
                                 0xaa (size before relaxing)
 .debug_str     0x00001a09       0x92 /cygdrive/c/Embedded/GNUARM/bin/../lib/gcc/arm-elf/4.1.1/../../../../arm-elf/lib/interwork/libc.a(impure.o)
                                0x4bc (size before relaxing)

.debug_loc      0x00000000     0x283d
 *(.debug_loc)
 .debug_loc     0x00000000       0x9b main.o
 .debug_loc     0x0000009b      0x5ab lcd.o
 .debug_loc     0x00000646       0x79 lcd_hw.o
 .debug_loc     0x000006bf      0x347 game.o
 .debug_loc     0x00000a06       0xb8 key.o
 .debug_loc     0x00000abe      0x408 display.o
 .debug_loc     0x00000ec6      0x32f pacman.o
 .debug_loc     0x000011f5      0x148 music.o
 .debug_loc     0x0000133d      0x164 alphalcd.o
 .debug_loc     0x000014a1      0x406 i2c.o
 .debug_loc     0x000018a7      0x374 eeprom.o
 .debug_loc     0x00001c1b       0xbd pca9532.o
 .debug_loc     0x00001cd8      0x1b2 startup/libea_startup_thumb.a(framework.o)
 .debug_loc     0x00001e8a      0x5ee startup/libea_startup_thumb.a(consol.o)
 .debug_loc     0x00002478       0x77 /cygdrive/c/Embedded/GNUARM/bin/../lib/gcc/arm-elf/4.1.1/../../../../arm-elf/lib/interwork/libc.a(atoi.o)
 .debug_loc     0x000024ef       0xfc /cygdrive/c/Embedded/GNUARM/bin/../lib/gcc/arm-elf/4.1.1/../../../../arm-elf/lib/interwork/libc.a(memcpy.o)
 .debug_loc     0x000025eb       0x47 /cygdrive/c/Embedded/GNUARM/bin/../lib/gcc/arm-elf/4.1.1/../../../../arm-elf/lib/interwork/libc.a(strlen.o)
 .debug_loc     0x00002632      0x20b /cygdrive/c/Embedded/GNUARM/bin/../lib/gcc/arm-elf/4.1.1/../../../../arm-elf/lib/interwork/libc.a(strtol.o)

.debug_macinfo
 *(.debug_macinfo)

.debug_weaknames
 *(.debug_weaknames)

.debug_funcnames
 *(.debug_funcnames)

.debug_typenames
 *(.debug_typenames)

.debug_varnames
 *(.debug_varnames)
OUTPUT(pacman.elf elf32-littlearm)

.debug_ranges   0x00000000       0x18
 .debug_ranges  0x00000000       0x18 game.o

Cross Reference Table

Symbol                                            File
____divsi3_change_to_arm                          /cygdrive/c/Embedded/GNUARM/bin/../lib/gcc/arm-elf/4.1.1/../../../../arm-elf/lib/interwork/libc.a(impure.o)
____divsi3_from_thumb                             /cygdrive/c/Embedded/GNUARM/bin/../lib/gcc/arm-elf/4.1.1/../../../../arm-elf/lib/interwork/libc.a(impure.o)
____modsi3_change_to_arm                          /cygdrive/c/Embedded/GNUARM/bin/../lib/gcc/arm-elf/4.1.1/../../../../arm-elf/lib/interwork/libc.a(impure.o)
____modsi3_from_thumb                             /cygdrive/c/Embedded/GNUARM/bin/../lib/gcc/arm-elf/4.1.1/../../../../arm-elf/lib/interwork/libc.a(impure.o)
____udivsi3_change_to_arm                         /cygdrive/c/Embedded/GNUARM/bin/../lib/gcc/arm-elf/4.1.1/../../../../arm-elf/lib/interwork/libc.a(impure.o)
____udivsi3_from_thumb                            /cygdrive/c/Embedded/GNUARM/bin/../lib/gcc/arm-elf/4.1.1/../../../../arm-elf/lib/interwork/libc.a(impure.o)
____umodsi3_change_to_arm                         /cygdrive/c/Embedded/GNUARM/bin/../lib/gcc/arm-elf/4.1.1/../../../../arm-elf/lib/interwork/libc.a(impure.o)
____umodsi3_from_thumb                            /cygdrive/c/Embedded/GNUARM/bin/../lib/gcc/arm-elf/4.1.1/../../../../arm-elf/lib/interwork/libc.a(impure.o)
__aeabi_idiv                                      /cygdrive/c/Embedded/GNUARM/bin/../lib/gcc/arm-elf/4.1.1/interwork/libgcc.a(_divsi3.o)
__aeabi_idiv0                                     /cygdrive/c/Embedded/GNUARM/bin/../lib/gcc/arm-elf/4.1.1/interwork/libgcc.a(_dvmd_tls.o)
__aeabi_idivmod                                   /cygdrive/c/Embedded/GNUARM/bin/../lib/gcc/arm-elf/4.1.1/interwork/libgcc.a(_divsi3.o)
__aeabi_ldiv0                                     /cygdrive/c/Embedded/GNUARM/bin/../lib/gcc/arm-elf/4.1.1/interwork/libgcc.a(_dvmd_tls.o)
__aeabi_uidiv                                     /cygdrive/c/Embedded/GNUARM/bin/../lib/gcc/arm-elf/4.1.1/interwork/libgcc.a(_udivsi3.o)
__aeabi_uidivmod                                  /cygdrive/c/Embedded/GNUARM/bin/../lib/gcc/arm-elf/4.1.1/interwork/libgcc.a(_udivsi3.o)
__bss_end__                                       startup/libea_startup_thumb.a(startup.o)
__bss_start__                                     startup/libea_startup_thumb.a(startup.o)
__ctxSwitchIsr_oshal_change_to_arm                /cygdrive/c/Embedded/GNUARM/bin/../lib/gcc/arm-elf/4.1.1/../../../../arm-elf/lib/interwork/libc.a(impure.o)
__ctxSwitchIsr_oshal_from_thumb                   /cygdrive/c/Embedded/GNUARM/bin/../lib/gcc/arm-elf/4.1.1/../../../../arm-elf/lib/interwork/libc.a(impure.o)
__ctxSwitch_oshal_change_to_arm                   /cygdrive/c/Embedded/GNUARM/bin/../lib/gcc/arm-elf/4.1.1/../../../../arm-elf/lib/interwork/libc.a(impure.o)
__ctxSwitch_oshal_from_thumb                      /cygdrive/c/Embedded/GNUARM/bin/../lib/gcc/arm-elf/4.1.1/../../../../arm-elf/lib/interwork/libc.a(impure.o)
__ctype_ptr                                       /cygdrive/c/Embedded/GNUARM/bin/../lib/gcc/arm-elf/4.1.1/../../../../arm-elf/lib/interwork/libc.a(ctype_.o)
                                                  /cygdrive/c/Embedded/GNUARM/bin/../lib/gcc/arm-elf/4.1.1/../../../../arm-elf/lib/interwork/libc.a(strtol.o)
__div0                                            /cygdrive/c/Embedded/GNUARM/bin/../lib/gcc/arm-elf/4.1.1/interwork/libgcc.a(_dvmd_tls.o)
                                                  /cygdrive/c/Embedded/GNUARM/bin/../lib/gcc/arm-elf/4.1.1/interwork/libgcc.a(_modsi3.o)
                                                  /cygdrive/c/Embedded/GNUARM/bin/../lib/gcc/arm-elf/4.1.1/interwork/libgcc.a(_umodsi3.o)
                                                  /cygdrive/c/Embedded/GNUARM/bin/../lib/gcc/arm-elf/4.1.1/interwork/libgcc.a(_divsi3.o)
                                                  /cygdrive/c/Embedded/GNUARM/bin/../lib/gcc/arm-elf/4.1.1/interwork/libgcc.a(_udivsi3.o)
__divsi3                                          /cygdrive/c/Embedded/GNUARM/bin/../lib/gcc/arm-elf/4.1.1/interwork/libgcc.a(_divsi3.o)
                                                  pre_emptive_os/pre_emptive_os.a(stack_usage.o)
                                                  music.o
                                                  game.o
__halDisableInterrupts_oshal_change_to_arm        /cygdrive/c/Embedded/GNUARM/bin/../lib/gcc/arm-elf/4.1.1/../../../../arm-elf/lib/interwork/libc.a(impure.o)
__halDisableInterrupts_oshal_from_thumb           /cygdrive/c/Embedded/GNUARM/bin/../lib/gcc/arm-elf/4.1.1/../../../../arm-elf/lib/interwork/libc.a(impure.o)
__halRestoreInterrupts_oshal_change_to_arm        /cygdrive/c/Embedded/GNUARM/bin/../lib/gcc/arm-elf/4.1.1/../../../../arm-elf/lib/interwork/libc.a(impure.o)
__halRestoreInterrupts_oshal_from_thumb           /cygdrive/c/Embedded/GNUARM/bin/../lib/gcc/arm-elf/4.1.1/../../../../arm-elf/lib/interwork/libc.a(impure.o)
__initTimer_oshal_change_to_arm                   /cygdrive/c/Embedded/GNUARM/bin/../lib/gcc/arm-elf/4.1.1/../../../../arm-elf/lib/interwork/libc.a(impure.o)
__initTimer_oshal_from_thumb                      /cygdrive/c/Embedded/GNUARM/bin/../lib/gcc/arm-elf/4.1.1/../../../../arm-elf/lib/interwork/libc.a(impure.o)
__memcpy_change_to_arm                            /cygdrive/c/Embedded/GNUARM/bin/../lib/gcc/arm-elf/4.1.1/../../../../arm-elf/lib/interwork/libc.a(impure.o)
__memcpy_from_thumb                               /cygdrive/c/Embedded/GNUARM/bin/../lib/gcc/arm-elf/4.1.1/../../../../arm-elf/lib/interwork/libc.a(impure.o)
__modsi3                                          /cygdrive/c/Embedded/GNUARM/bin/../lib/gcc/arm-elf/4.1.1/interwork/libgcc.a(_modsi3.o)
                                                  music.o
__osISRExit_from_arm                              /cygdrive/c/Embedded/GNUARM/bin/../lib/gcc/arm-elf/4.1.1/../../../../arm-elf/lib/interwork/libc.a(impure.o)
__osTick_from_arm                                 /cygdrive/c/Embedded/GNUARM/bin/../lib/gcc/arm-elf/4.1.1/../../../../arm-elf/lib/interwork/libc.a(impure.o)
__startHighProc_oshal_change_to_arm               /cygdrive/c/Embedded/GNUARM/bin/../lib/gcc/arm-elf/4.1.1/../../../../arm-elf/lib/interwork/libc.a(impure.o)
__startHighProc_oshal_from_thumb                  /cygdrive/c/Embedded/GNUARM/bin/../lib/gcc/arm-elf/4.1.1/../../../../arm-elf/lib/interwork/libc.a(impure.o)
__stkFrameInit_oshal_change_to_arm                /cygdrive/c/Embedded/GNUARM/bin/../lib/gcc/arm-elf/4.1.1/../../../../arm-elf/lib/interwork/libc.a(impure.o)
__stkFrameInit_oshal_from_thumb                   /cygdrive/c/Embedded/GNUARM/bin/../lib/gcc/arm-elf/4.1.1/../../../../arm-elf/lib/interwork/libc.a(impure.o)
__udivsi3                                         /cygdrive/c/Embedded/GNUARM/bin/../lib/gcc/arm-elf/4.1.1/interwork/libgcc.a(_udivsi3.o)
                                                  /cygdrive/c/Embedded/GNUARM/bin/../lib/gcc/arm-elf/4.1.1/../../../../arm-elf/lib/interwork/libc.a(strtol.o)
                                                  pre_emptive_os/pre_emptive_os.a(stack_usage.o)
                                                  startup/libea_startup_thumb.a(consol.o)
                                                  game.o
__umodsi3                                         /cygdrive/c/Embedded/GNUARM/bin/../lib/gcc/arm-elf/4.1.1/interwork/libgcc.a(_umodsi3.o)
                                                  /cygdrive/c/Embedded/GNUARM/bin/../lib/gcc/arm-elf/4.1.1/../../../../arm-elf/lib/interwork/libc.a(strtol.o)
                                                  startup/libea_startup_thumb.a(consol.o)
                                                  pacman.o
                                                  game.o
_atoi_r                                           /cygdrive/c/Embedded/GNUARM/bin/../lib/gcc/arm-elf/4.1.1/../../../../arm-elf/lib/interwork/libc.a(atoi.o)
_call_via_fp                                      /cygdrive/c/Embedded/GNUARM/bin/../lib/gcc/arm-elf/4.1.1/interwork/libgcc.a(_call_via_rX.o)
_call_via_ip                                      /cygdrive/c/Embedded/GNUARM/bin/../lib/gcc/arm-elf/4.1.1/interwork/libgcc.a(_call_via_rX.o)
_call_via_lr                                      /cygdrive/c/Embedded/GNUARM/bin/../lib/gcc/arm-elf/4.1.1/interwork/libgcc.a(_call_via_rX.o)
_call_via_r0                                      /cygdrive/c/Embedded/GNUARM/bin/../lib/gcc/arm-elf/4.1.1/interwork/libgcc.a(_call_via_rX.o)
_call_via_r1                                      /cygdrive/c/Embedded/GNUARM/bin/../lib/gcc/arm-elf/4.1.1/interwork/libgcc.a(_call_via_rX.o)
_call_via_r2                                      /cygdrive/c/Embedded/GNUARM/bin/../lib/gcc/arm-elf/4.1.1/interwork/libgcc.a(_call_via_rX.o)
_call_via_r3                                      /cygdrive/c/Embedded/GNUARM/bin/../lib/gcc/arm-elf/4.1.1/interwork/libgcc.a(_call_via_rX.o)
_call_via_r4                                      /cygdrive/c/Embedded/GNUARM/bin/../lib/gcc/arm-elf/4.1.1/interwork/libgcc.a(_call_via_rX.o)
                                                  pre_emptive_os/pre_emptive_os.a(timer.o)
_call_via_r5                                      /cygdrive/c/Embedded/GNUARM/bin/../lib/gcc/arm-elf/4.1.1/interwork/libgcc.a(_call_via_rX.o)
_call_via_r6                                      /cygdrive/c/Embedded/GNUARM/bin/../lib/gcc/arm-elf/4.1.1/interwork/libgcc.a(_call_via_rX.o)
_call_via_r7                                      /cygdrive/c/Embedded/GNUARM/bin/../lib/gcc/arm-elf/4.1.1/interwork/libgcc.a(_call_via_rX.o)
_call_via_r8                                      /cygdrive/c/Embedded/GNUARM/bin/../lib/gcc/arm-elf/4.1.1/interwork/libgcc.a(_call_via_rX.o)
_call_via_r9                                      /cygdrive/c/Embedded/GNUARM/bin/../lib/gcc/arm-elf/4.1.1/interwork/libgcc.a(_call_via_rX.o)
_call_via_sl                                      /cygdrive/c/Embedded/GNUARM/bin/../lib/gcc/arm-elf/4.1.1/interwork/libgcc.a(_call_via_rX.o)
_call_via_sp                                      /cygdrive/c/Embedded/GNUARM/bin/../lib/gcc/arm-elf/4.1.1/interwork/libgcc.a(_call_via_rX.o)
_ctype_                                           /cygdrive/c/Embedded/GNUARM/bin/../lib/gcc/arm-elf/4.1.1/../../../../arm-elf/lib/interwork/libc.a(ctype_.o)
_data                                             startup/libea_startup_thumb.a(startup.o)
_edata                                            startup/libea_startup_thumb.a(startup.o)
_etext                                            startup/libea_startup_thumb.a(startup.o)
_global_impure_ptr                                /cygdrive/c/Embedded/GNUARM/bin/../lib/gcc/arm-elf/4.1.1/../../../../arm-elf/lib/interwork/libc.a(impure.o)
_impure_ptr                                       /cygdrive/c/Embedded/GNUARM/bin/../lib/gcc/arm-elf/4.1.1/../../../../arm-elf/lib/interwork/libc.a(impure.o)
                                                  /cygdrive/c/Embedded/GNUARM/bin/../lib/gcc/arm-elf/4.1.1/../../../../arm-elf/lib/interwork/libc.a(strtol.o)
_startup                                          startup/libea_startup_thumb.a(startup.o)
_strtol_r                                         /cygdrive/c/Embedded/GNUARM/bin/../lib/gcc/arm-elf/4.1.1/../../../../arm-elf/lib/interwork/libc.a(strtol.o)
                                                  /cygdrive/c/Embedded/GNUARM/bin/../lib/gcc/arm-elf/4.1.1/../../../../arm-elf/lib/interwork/libc.a(atoi.o)
addToPrioQueue                                    pre_emptive_os/pre_emptive_os.a(prioqueue.o)
                                                  pre_emptive_os/pre_emptive_os.a(event.o)
                                                  pre_emptive_os/pre_emptive_os.a(kernel.o)
addToRdyList                                      pre_emptive_os/pre_emptive_os.a(kernel.o)
                                                  pre_emptive_os/pre_emptive_os.a(event.o)
addToTimeList                                     pre_emptive_os/pre_emptive_os.a(kernel.o)
                                                  pre_emptive_os/pre_emptive_os.a(event.o)
appTick                                           main.o
                                                  pre_emptive_os/pre_emptive_os.a(kernel.o)
atoi                                              /cygdrive/c/Embedded/GNUARM/bin/../lib/gcc/arm-elf/4.1.1/../../../../arm-elf/lib/interwork/libc.a(atoi.o)
                                                  startup/libea_startup_thumb.a(consol.o)
board                                             pacman.o
                                                  game.o
changeDirection                                   game.o
charMap                                           lcd.o
checkKey                                          key.o
                                                  game.o
                                                  main.o
checkKeyStatus                                    key.o
checkStackLimit                                   pre_emptive_os/pre_emptive_os.a(stack_usage.o)
consolGetCh                                       startup/libea_startup_thumb.a(consol.o)
consolGetChar                                     startup/libea_startup_thumb.a(consol.o)
consolGetIntNum                                   startup/libea_startup_thumb.a(consol.o)
consolGetString                                   startup/libea_startup_thumb.a(consol.o)
consolInit                                        startup/libea_startup_thumb.a(consol.o)
                                                  startup/libea_startup_thumb.a(framework.o)
consolScanf                                       startup/libea_startup_thumb.a(consol.o)
consolSendCh                                      startup/libea_startup_thumb.a(consol.o)
consolSendChar                                    startup/libea_startup_thumb.a(consol.o)
consolSendNumber                                  startup/libea_startup_thumb.a(consol.o)
                                                  startup/libea_startup_thumb.a(framework.o)
consolSendString                                  startup/libea_startup_thumb.a(consol.o)
                                                  startup/libea_startup_thumb.a(framework.o)
createStackPattern                                pre_emptive_os/pre_emptive_os.a(stack_usage.o)
                                                  pre_emptive_os/pre_emptive_os.a(kernel.o)
ctxSwitchIsr_oshal                                pre_emptive_os/pre_emptive_os.a(a7hal_a.o)
                                                  pre_emptive_os/pre_emptive_os.a(kernel.o)
ctxSwitch_oshal                                   pre_emptive_os/pre_emptive_os.a(a7hal_a.o)
                                                  pre_emptive_os/pre_emptive_os.a(kernel.o)
defaultBoard                                      pacman.o
direction                                         game.o
displayBoard                                      game.o
displayBonus                                      display.o
                                                  game.o
displayCharacter                                  game.o
displayDoors                                      display.o
                                                  game.o
displayEatableGhost                               display.o
                                                  game.o
displayEmptyField                                 display.o
                                                  game.o
displayEyes                                       display.o
                                                  game.o
displayGhost                                      display.o
                                                  game.o
displayMenu                                       display.o
                                                  main.o
displayPacman                                     display.o
                                                  game.o
displayPoint                                      display.o
                                                  game.o
displayScoreOnAlpha                               game.o
displayText                                       display.o
                                                  game.o
displayTimeToEatOnI2C                             game.o
displayWall                                       display.o
                                                  game.o
eaInit                                            startup/libea_startup_thumb.a(framework.o)
eepromPageRead                                    eeprom.o
eepromPoll                                        eeprom.o
eepromStartRead                                   eeprom.o
eepromWrite                                       eeprom.o
end                                               startup/libea_startup_thumb.a(framework.o)
eventInit                                         pre_emptive_os/pre_emptive_os.a(event.o)
                                                  pre_emptive_os/pre_emptive_os.a(count_sem.o)
eventIsEmpty                                      pre_emptive_os/pre_emptive_os.a(event.o)
                                                  pre_emptive_os/pre_emptive_os.a(count_sem.o)
eventSignal                                       pre_emptive_os/pre_emptive_os.a(event.o)
                                                  pre_emptive_os/pre_emptive_os.a(count_sem.o)
eventWait                                         pre_emptive_os/pre_emptive_os.a(event.o)
                                                  pre_emptive_os/pre_emptive_os.a(count_sem.o)
eventWaitReturn                                   pre_emptive_os/pre_emptive_os.a(event.o)
                                                  pre_emptive_os/pre_emptive_os.a(count_sem.o)
exceptionHandlerInit                              startup/libea_startup_thumb.a(framework.o)
                                                  startup/libea_startup_thumb.a(startup.o)
gameEnded                                         game.o
gameLostEventHandler                              game.o
generalIRQ_oshal                                  pre_emptive_os/pre_emptive_os.a(a7hal_a.o)
                                                  pre_emptive_os/pre_emptive_os.a(a7hal.o)
getHighPrioQueue                                  pre_emptive_os/pre_emptive_os.a(prioqueue.o)
                                                  pre_emptive_os/pre_emptive_os.a(event.o)
                                                  pre_emptive_os/pre_emptive_os.a(kernel.o)
getKeys                                           key.o
getPca9532Pin                                     pca9532.o
getX                                              game.o
getY                                              game.o
halDisableInterrupts_oshal                        pre_emptive_os/pre_emptive_os.a(a7hal.o)
                                                  pre_emptive_os/pre_emptive_os.a(count_sem.o)
                                                  pre_emptive_os/pre_emptive_os.a(timer.o)
                                                  pre_emptive_os/pre_emptive_os.a(kernel.o)
halEnableInterrupts_oshal                         pre_emptive_os/pre_emptive_os.a(a7hal.o)
halRestoreInterrupts_oshal                        pre_emptive_os/pre_emptive_os.a(a7hal.o)
                                                  pre_emptive_os/pre_emptive_os.a(count_sem.o)
                                                  pre_emptive_os/pre_emptive_os.a(timer.o)
                                                  pre_emptive_os/pre_emptive_os.a(kernel.o)
handleIRQs_oshal                                  pre_emptive_os/pre_emptive_os.a(a7hal.o)
                                                  pre_emptive_os/pre_emptive_os.a(a7hal_a.o)
i2cCheckStatus                                    i2c.o
                                                  eeprom.o
i2cGetChar                                        i2c.o
                                                  eeprom.o
i2cInit                                           i2c.o
                                                  main.o
i2cMyWrite                                        i2c.o
i2cPutChar                                        i2c.o
                                                  eeprom.o
i2cRead                                           i2c.o
i2cRepeatStart                                    i2c.o
                                                  eeprom.o
i2cStart                                          i2c.o
                                                  eeprom.o
i2cStop                                           i2c.o
                                                  eeprom.o
i2cWaitTransmit                                   i2c.o
i2cWrite                                          i2c.o
i2cWriteWithWait                                  i2c.o
                                                  eeprom.o
initAlpha                                         game.o
initKeyProc                                       key.o
                                                  main.o
initPacman                                        pacman.o
                                                  game.o
initPrioQueue                                     pre_emptive_os/pre_emptive_os.a(prioqueue.o)
                                                  pre_emptive_os/pre_emptive_os.a(event.o)
                                                  pre_emptive_os/pre_emptive_os.a(kernel.o)
initSpiForLcd                                     lcd_hw.o
                                                  lcd.o
initTimer_oshal                                   pre_emptive_os/pre_emptive_os.a(a7hal.o)
                                                  pre_emptive_os/pre_emptive_os.a(kernel.o)
isEmptyPrioQueue                                  pre_emptive_os/pre_emptive_os.a(prioqueue.o)
                                                  pre_emptive_os/pre_emptive_os.a(event.o)
isrNesting                                        pre_emptive_os/pre_emptive_os.a(kernel.o)
                                                  pre_emptive_os/pre_emptive_os.a(event.o)
                                                  pre_emptive_os/pre_emptive_os.a(count_sem.o)
                                                  pre_emptive_os/pre_emptive_os.a(a7hal_a.o)
lcdClrscr                                         lcd.o
                                                  display.o
                                                  game.o
lcdColor                                          lcd.o
                                                  display.o
lcdContrast                                       lcd.o
                                                  main.o
lcdData                                           lcd.o
lcdGotoxy                                         lcd.o
                                                  display.o
lcdInit                                           lcd.o
                                                  main.o
lcdPutchar                                        lcd.o
lcdPuts                                           lcd.o
                                                  display.o
lcdRect                                           lcd.o
                                                  display.o
lcdRectBrd                                        lcd.o
lcdWindow                                         lcd.o
lcdWrcmd                                          lcd.o
lcdWrdata                                         lcd.o
levelCompletedEventHandler                        game.o
lifeLost                                          game.o
lifeLostEventHandler                              game.o
lowLevelInit                                      startup/libea_startup_thumb.a(framework.o)
                                                  startup/libea_startup_thumb.a(startup.o)
main                                              main.o
                                                  startup/libea_startup_thumb.a(startup.o)
makeMove                                          pacman.o
                                                  game.o
memcpy                                            /cygdrive/c/Embedded/GNUARM/bin/../lib/gcc/arm-elf/4.1.1/../../../../arm-elf/lib/interwork/libc.a(memcpy.o)
                                                  startup/libea_startup_thumb.a(consol.o)
                                                  pca9532.o
                                                  game.o
messageOnAlpha                                    alphalcd.o
                                                  game.o
musicProcess                                      music.o
musicProcessOnce                                  music.o
                                                  main.o
onGameLost                                        pacman.o
                                                  game.o
onGhostEaten                                      pacman.o
onLevelCompleted                                  pacman.o
                                                  game.o
onLifeLost                                        pacman.o
                                                  game.o
onScoreChanged                                    pacman.o
                                                  game.o
onTimeToEatChanged                                pacman.o
                                                  game.o
osCreateProcess                                   pre_emptive_os/pre_emptive_os.a(kernel.o)
                                                  pre_emptive_os/pre_emptive_os.a(timer.o)
                                                  key.o
                                                  main.o
osCreateTimer                                     pre_emptive_os/pre_emptive_os.a(timer.o)
osDeleteProcess                                   pre_emptive_os/pre_emptive_os.a(kernel.o)
                                                  music.o
                                                  main.o
osDeleteTimer                                     pre_emptive_os/pre_emptive_os.a(timer.o)
osGetHighPrioProc                                 pre_emptive_os/pre_emptive_os.a(kernel.o)
osISREnter                                        pre_emptive_os/pre_emptive_os.a(kernel.o)
osISRExit                                         pre_emptive_os/pre_emptive_os.a(kernel.o)
                                                  pre_emptive_os/pre_emptive_os.a(a7hal_a.o)
osInit                                            pre_emptive_os/pre_emptive_os.a(kernel.o)
                                                  main.o
osInitTimers                                      pre_emptive_os/pre_emptive_os.a(timer.o)
osLockNesting                                     pre_emptive_os/pre_emptive_os.a(kernel.o)
osPid                                             pre_emptive_os/pre_emptive_os.a(kernel.o)
osResume                                          pre_emptive_os/pre_emptive_os.a(kernel.o)
osSemGive                                         pre_emptive_os/pre_emptive_os.a(count_sem.o)
                                                  pre_emptive_os/pre_emptive_os.a(timer.o)
osSemInit                                         pre_emptive_os/pre_emptive_os.a(count_sem.o)
                                                  pre_emptive_os/pre_emptive_os.a(timer.o)
osSemTake                                         pre_emptive_os/pre_emptive_os.a(count_sem.o)
                                                  pre_emptive_os/pre_emptive_os.a(timer.o)
osSemTryTake                                      pre_emptive_os/pre_emptive_os.a(count_sem.o)
osSleep                                           pre_emptive_os/pre_emptive_os.a(kernel.o)
                                                  alphalcd.o
                                                  key.o
                                                  game.o
                                                  lcd.o
                                                  main.o
osStackUsage                                      pre_emptive_os/pre_emptive_os.a(stack_usage.o)
osStart                                           pre_emptive_os/pre_emptive_os.a(kernel.o)
                                                  main.o
osStartProcess                                    pre_emptive_os/pre_emptive_os.a(kernel.o)
                                                  pre_emptive_os/pre_emptive_os.a(timer.o)
                                                  key.o
                                                  main.o
osSuspend                                         pre_emptive_os/pre_emptive_os.a(kernel.o)
osTick                                            pre_emptive_os/pre_emptive_os.a(kernel.o)
                                                  pre_emptive_os/pre_emptive_os.a(a7hal.o)
pHeapEnd                                          startup/libea_startup_thumb.a(framework.o)
pHeapStart                                        startup/libea_startup_thumb.a(framework.o)
pNxtToRun                                         pre_emptive_os/pre_emptive_os.a(kernel.o)
                                                  pre_emptive_os/pre_emptive_os.a(a7hal_a.o)
pRunProc                                          pre_emptive_os/pre_emptive_os.a(kernel.o)
                                                  pre_emptive_os/pre_emptive_os.a(event.o)
                                                  pre_emptive_os/pre_emptive_os.a(a7hal_a.o)
pca9532                                           eeprom.o
                                                  pca9532.o
pca9532Init                                       pca9532.o
                                                  main.o
pressedKey                                        game.o
processControlBlocks                              pre_emptive_os/pre_emptive_os.a(event.o)
                                                  pre_emptive_os/pre_emptive_os.a(stack_usage.o)
                                                  pre_emptive_os/pre_emptive_os.a(kernel.o)
rmvFromPrioQueue                                  pre_emptive_os/pre_emptive_os.a(prioqueue.o)
                                                  pre_emptive_os/pre_emptive_os.a(event.o)
                                                  pre_emptive_os/pre_emptive_os.a(kernel.o)
rmvFromRdyList                                    pre_emptive_os/pre_emptive_os.a(kernel.o)
                                                  pre_emptive_os/pre_emptive_os.a(event.o)
rmvFromTimeList                                   pre_emptive_os/pre_emptive_os.a(kernel.o)
                                                  pre_emptive_os/pre_emptive_os.a(event.o)
sampleKey                                         key.o
schedule                                          pre_emptive_os/pre_emptive_os.a(kernel.o)
                                                  pre_emptive_os/pre_emptive_os.a(event.o)
                                                  pre_emptive_os/pre_emptive_os.a(count_sem.o)
selectLCD                                         lcd_hw.o
                                                  lcd.o
sendToLCD                                         lcd_hw.o
                                                  lcd.o
setDirectionCallback                              pacman.o
                                                  game.o
setGhostDirectionCallback                         pacman.o
setPca9532Pin                                     pca9532.o
                                                  game.o
set_delay                                         music.o
simplePrintf                                      startup/libea_startup_thumb.a(consol.o)
startGame                                         game.o
                                                  main.o
startHighProc_oshal                               pre_emptive_os/pre_emptive_os.a(a7hal_a.o)
                                                  pre_emptive_os/pre_emptive_os.a(kernel.o)
stkFrameInit_oshal                                pre_emptive_os/pre_emptive_os.a(a7hal.o)
                                                  pre_emptive_os/pre_emptive_os.a(kernel.o)
strlen                                            /cygdrive/c/Embedded/GNUARM/bin/../lib/gcc/arm-elf/4.1.1/../../../../arm-elf/lib/interwork/libc.a(strlen.o)
                                                  startup/libea_startup_thumb.a(consol.o)
strtol                                            /cygdrive/c/Embedded/GNUARM/bin/../lib/gcc/arm-elf/4.1.1/../../../../arm-elf/lib/interwork/libc.a(strtol.o)
                                                  /cygdrive/c/Embedded/GNUARM/bin/../lib/gcc/arm-elf/4.1.1/../../../../arm-elf/lib/interwork/libc.a(atoi.o)
timerIsr_oshal                                    pre_emptive_os/pre_emptive_os.a(a7hal.o)
timerTick                                         pre_emptive_os/pre_emptive_os.a(timer.o)
                                                  pre_emptive_os/pre_emptive_os.a(kernel.o)
wait                                              music.o
